# Application smoke runs, 2026-09-15 (port 8081, one application start each; lines filtered from the application log; no chat model call)
## Run 1: SPRING_PROFILES_ACTIVE=reranker-gte
2026-09-15T11:39:28.295+08:00  INFO 43960 --- [StockRecommendationEngine] [           main] p.s.StockRecommendationEngineApplication : The following 1 profile is active: "reranker-gte"
2026-09-15T11:39:28.927+08:00  INFO 43960 --- [StockRecommendationEngine] [           main] com.zaxxer.hikari.HikariDataSource       : HikariPool-1 - Starting...
2026-09-15T11:39:28.984+08:00  INFO 43960 --- [StockRecommendationEngine] [           main] com.zaxxer.hikari.pool.HikariPool        : HikariPool-1 - Added connection org.postgresql.jdbc.PgConnection@18026052
2026-09-15T11:39:28.984+08:00  INFO 43960 --- [StockRecommendationEngine] [           main] com.zaxxer.hikari.HikariDataSource       : HikariPool-1 - Start completed.
2026-09-15T11:39:32.875+08:00  INFO 43960 --- [StockRecommendationEngine] [           main] p.s.r.r.GteRerankerConfiguration         : GTE reranker files verified: model=/Users/jayzhou/Documents/GitHub/java-projects/StockRecommendationEngine/models/gte-reranker-modernbert-base/model.onnx, tokenizer=/Users/jayzhou/Documents/GitHub/java-projects/StockRecommendationEngine/models/gte-reranker-modernbert-base/tokenizer.json, version=c6d3226502ad
2026-09-15T11:39:34.374+08:00  INFO 43960 --- [StockRecommendationEngine] [           main] p.s.r.retrieval.OnnxCrossEncoderScorer   : Cross-encoder loaded: model=/Users/jayzhou/Documents/GitHub/java-projects/StockRecommendationEngine/models/gte-reranker-modernbert-base/model.onnx, maxLength=512, batchSize=20, scoring=max-window/overlap=64/maxWindows=4, inputs=[input_ids TensorInfo(javaType=INT64,onnxType=ONNX_TENSOR_ELEMENT_DATA_TYPE_INT64,shape=[-1, -1],dimNames=[batch_size,sequence_length]); attention_mask TensorInfo(javaType=INT64,onnxType=ONNX_TENSOR_ELEMENT_DATA_TYPE_INT64,shape=[-1, -1],dimNames=[batch_size,sequence_length])], outputs=[logits TensorInfo(javaType=FLOAT,onnxType=ONNX_TENSOR_ELEMENT_DATA_TYPE_FLOAT,shape=[-1, 1],dimNames=[batch_size,""])]
2026-09-15T11:39:34.611+08:00  INFO 43960 --- [StockRecommendationEngine] [           main] p.s.StockRecommendationEngineApplication : Started StockRecommendationEngineApplication in 6.469 seconds (process running for 6.612)
2026-09-15T11:39:48.934+08:00  INFO 43960 --- [StockRecommendationEngine] [nio-8081-exec-1] p.s.r.retrieval.FilingRetrievalService   : Reranking filing candidates: ticker=NVDA, candidates=20, timeoutMs=120000
2026-09-15T11:39:56.090+08:00  INFO 43960 --- [StockRecommendationEngine] [ling-reranker-1] p.s.rag.retrieval.CrossEncoderReranker   : Cross-encoder scoring completed: candidates=20, windows=44, topK=5, elapsedMs=7154
2026-09-15T11:39:56.093+08:00  INFO 43960 --- [StockRecommendationEngine] [nio-8081-exec-1] p.s.r.retrieval.FilingRetrievalService   : Reranking completed: ticker=NVDA, results=5, elapsedMs=7158
2026-09-15T11:39:56.093+08:00  INFO 43960 --- [StockRecommendationEngine] [nio-8081-exec-1] p.s.r.retrieval.FilingRetrievalService   : Retrieval completed: ticker=NVDA, results=5, strategy=HYBRID_RRF_RERANKED, elapsedMs=10620
2026-09-15T11:40:15.326+08:00  INFO 43960 --- [StockRecommendationEngine] [nio-8081-exec-3] p.s.r.retrieval.FilingRetrievalService   : Reranking filing candidates: ticker=NVDA, candidates=20, timeoutMs=120000
2026-09-15T11:40:15.671+08:00  INFO 43960 --- [StockRecommendationEngine] [nio-8081-exec-2] p.s.r.retrieval.FilingRetrievalService   : Reranking filing candidates: ticker=NVDA, candidates=20, timeoutMs=120000
2026-09-15T11:40:18.780+08:00  INFO 43960 --- [StockRecommendationEngine] [ionShutdownHook] o.s.boot.tomcat.GracefulShutdown         : Commencing graceful shutdown. Waiting for active requests to complete
2026-09-15T11:40:26.407+08:00  INFO 43960 --- [StockRecommendationEngine] [ling-reranker-1] p.s.rag.retrieval.CrossEncoderReranker   : Cross-encoder scoring completed: candidates=20, windows=40, topK=5, elapsedMs=10735
2026-09-15T11:40:26.408+08:00  INFO 43960 --- [StockRecommendationEngine] [nio-8081-exec-2] p.s.r.retrieval.FilingRetrievalService   : Reranking completed: ticker=NVDA, results=5, elapsedMs=10737
2026-09-15T11:40:26.409+08:00  INFO 43960 --- [StockRecommendationEngine] [nio-8081-exec-2] p.s.r.retrieval.FilingRetrievalService   : Retrieval completed: ticker=NVDA, results=5, strategy=HYBRID_RRF_RERANKED, elapsedMs=11669
2026-09-15T11:40:26.840+08:00  INFO 43960 --- [StockRecommendationEngine] [ling-reranker-2] p.s.rag.retrieval.CrossEncoderReranker   : Cross-encoder scoring completed: candidates=20, windows=44, topK=5, elapsedMs=11513
2026-09-15T11:40:26.840+08:00  INFO 43960 --- [StockRecommendationEngine] [nio-8081-exec-3] p.s.r.retrieval.FilingRetrievalService   : Reranking completed: ticker=NVDA, results=5, elapsedMs=11514
2026-09-15T11:40:26.840+08:00  INFO 43960 --- [StockRecommendationEngine] [nio-8081-exec-3] p.s.r.retrieval.FilingRetrievalService   : Retrieval completed: ticker=NVDA, results=5, strategy=HYBRID_RRF_RERANKED, elapsedMs=12101
2026-09-15T11:40:26.885+08:00  INFO 43960 --- [StockRecommendationEngine] [tomcat-shutdown] o.s.boot.tomcat.GracefulShutdown         : Graceful shutdown complete
2026-09-15T11:40:26.911+08:00  INFO 43960 --- [StockRecommendationEngine] [ionShutdownHook] com.zaxxer.hikari.HikariDataSource       : HikariPool-1 - Shutdown initiated...
2026-09-15T11:40:26.912+08:00  INFO 43960 --- [StockRecommendationEngine] [ionShutdownHook] com.zaxxer.hikari.HikariDataSource       : HikariPool-1 - Shutdown completed.
## Run 1 requests: POST /api/rag/retrieve {ticker NVDA, 'What was Data Center revenue for fiscal year 2025?', 10-K, topK 5, rerank true} -> HTTP 200, 10.7 s, strategy HYBRID_RRF_RERANKED, chunk ids [852, 851, 805, 800, 802]
## Run 1 shutdown check: two reranked requests sent at once (the question above and 'What are the main risks to gross margin?'); pkill -f spring-boot:run at 11:40:18, about 3 s after both reranker calls started; both requests returned HTTP 200 (11.7 s and 12.1 s); Tomcat graceful shutdown waited for them, then the context closed with no 'still in flight' WARN; port 8081 free, no application process
## Run 2: no profile, RAG_CROSS_ENCODER_ENABLED=true (current model)
2026-09-15T11:40:48.039+08:00  INFO 44210 --- [StockRecommendationEngine] [           main] p.s.StockRecommendationEngineApplication : No active profile set, falling back to 1 default profile: "default"
2026-09-15T11:40:50.188+08:00  INFO 44210 --- [StockRecommendationEngine] [           main] p.s.r.r.CrossEncoderConfiguration        : Cross-encoder files verified: model=/Users/jayzhou/Documents/GitHub/java-projects/StockRecommendationEngine/models/cross-encoder-ms-marco-MiniLM-L-6-v2/model.onnx, tokenizer=/Users/jayzhou/Documents/GitHub/java-projects/StockRecommendationEngine/models/cross-encoder-ms-marco-MiniLM-L-6-v2/tokenizer.json, version=5d3e70fd0c9f
2026-09-15T11:40:51.071+08:00  INFO 44210 --- [StockRecommendationEngine] [           main] p.s.r.retrieval.OnnxCrossEncoderScorer   : Cross-encoder loaded: model=/Users/jayzhou/Documents/GitHub/java-projects/StockRecommendationEngine/models/cross-encoder-ms-marco-MiniLM-L-6-v2/model.onnx, maxLength=512, batchSize=20, scoring=max-window/overlap=64/maxWindows=4, inputs=[input_ids TensorInfo(javaType=INT64,onnxType=ONNX_TENSOR_ELEMENT_DATA_TYPE_INT64,shape=[-1, -1],dimNames=[batch_size,sequence_length]); attention_mask TensorInfo(javaType=INT64,onnxType=ONNX_TENSOR_ELEMENT_DATA_TYPE_INT64,shape=[-1, -1],dimNames=[batch_size,sequence_length]); token_type_ids TensorInfo(javaType=INT64,onnxType=ONNX_TENSOR_ELEMENT_DATA_TYPE_INT64,shape=[-1, -1],dimNames=[batch_size,sequence_length])], outputs=[logits TensorInfo(javaType=FLOAT,onnxType=ONNX_TENSOR_ELEMENT_DATA_TYPE_FLOAT,shape=[-1, 1],dimNames=[batch_size,""])]
2026-09-15T11:40:51.248+08:00  INFO 44210 --- [StockRecommendationEngine] [           main] p.s.StockRecommendationEngineApplication : Started StockRecommendationEngineApplication in 3.346 seconds (process running for 3.476)
2026-09-15T11:40:54.963+08:00  INFO 44210 --- [StockRecommendationEngine] [ling-reranker-1] p.s.rag.retrieval.CrossEncoderReranker   : Cross-encoder scoring completed: candidates=20, windows=42, topK=5, elapsedMs=1163
2026-09-15T11:40:54.965+08:00  INFO 44210 --- [StockRecommendationEngine] [nio-8081-exec-1] p.s.r.retrieval.FilingRetrievalService   : Retrieval completed: ticker=NVDA, results=5, strategy=HYBRID_RRF_RERANKED, elapsedMs=2668
## Run 2 request: the same retrieve request -> HTTP 200, strategy HYBRID_RRF_RERANKED, chunk ids [802, 852, 800, 851, 806]
## Run 3: SPRING_PROFILES_ACTIVE=reranker-gte and RAG_CROSS_ENCODER_ENABLED=true
2026-09-15T11:41:09.853+08:00  WARN 44368 --- [StockRecommendationEngine] [           main] ConfigServletWebServerApplicationContext : Exception encountered during context initialization - cancelling refresh attempt: java.lang.IllegalStateException: Only one reranker model may be enabled: rag.retrieval.cross-encoder.enabled and rag.retrieval.gte-reranker.enabled are both true; set one of them to false
java.lang.IllegalStateException: Only one reranker model may be enabled: rag.retrieval.cross-encoder.enabled and rag.retrieval.gte-reranker.enabled are both true; set one of them to false
mvnw exit code 1; port 8081 free
