WARNING: A restricted method in java.lang.System has been called
WARNING: java.lang.System::load has been called by com.sun.jna.Native in an unnamed module (file:/Users/jayzhou/.m2/repository/net/java/dev/jna/jna/5.17.0/jna-5.17.0.jar)
WARNING: Use --enable-native-access=ALL-UNNAMED to avoid a warning for callers in this module
WARNING: Restricted methods will be blocked in a future release unless native access is enabled

12:01:19.433 [main] INFO ai.djl.util.Platform -- Found matching platform from: jar:file:/Users/jayzhou/.m2/repository/ai/djl/huggingface/tokenizers/0.38.0/tokenizers-0.38.0.jar!/native/lib/tokenizers.properties
12:01:20.242 [main] INFO ai.djl.util.Platform -- Found matching platform from: jar:file:/Users/jayzhou/.m2/repository/ai/djl/huggingface/tokenizers/0.38.0/tokenizers-0.38.0.jar!/native/lib/tokenizers.properties
12:01:20.242 [main] INFO ai.djl.huggingface.tokenizers.jni.LibUtils -- Uses override RUST_FLAVOR: cpu
12:01:20.261 [main] INFO project.stockrecommendationengine.rag.retrieval.OnnxCrossEncoderScorer -- Cross-encoder loaded: model=/Users/jayzhou/Documents/GitHub/java-projects/StockRecommendationEngine/models/cross-encoder-ms-marco-MiniLM-L-6-v2/model.onnx, maxLength=512, batchSize=64, inputs=[input_ids TensorInfo(javaType=INT64,onnxType=ONNX_TENSOR_ELEMENT_DATA_TYPE_INT64,shape=[-1, -1],dimNames=[batch_size,sequence_length]); attention_mask TensorInfo(javaType=INT64,onnxType=ONNX_TENSOR_ELEMENT_DATA_TYPE_INT64,shape=[-1, -1],dimNames=[batch_size,sequence_length]); token_type_ids TensorInfo(javaType=INT64,onnxType=ONNX_TENSOR_ELEMENT_DATA_TYPE_INT64,shape=[-1, -1],dimNames=[batch_size,sequence_length])], outputs=[logits TensorInfo(javaType=FLOAT,onnxType=ONNX_TENSOR_ELEMENT_DATA_TYPE_FLOAT,shape=[-1, 1],dimNames=[batch_size,""])]
12:01:22.002 [pool-1-thread-1] INFO project.stockrecommendationengine.rag.retrieval.OnnxCrossEncoderScorer -- Cross-encoder query truncated: queryChars=20000, queryCharsKept=20000, queryTokens=20000, queryTokensKept=254
VMEM call=0 first=2.0087082 ms=1740
12:01:23.679 [pool-1-thread-1] INFO project.stockrecommendationengine.rag.retrieval.OnnxCrossEncoderScorer -- Cross-encoder query truncated: queryChars=20000, queryCharsKept=20000, queryTokens=20000, queryTokensKept=254
VMEM call=1 first=2.0087082 ms=1676
VMEM done
        4.53 real        12.48 user         0.43 sys
          1023328256  maximum resident set size
                   0  average shared memory size
                   0  average unshared data size
                   0  average unshared stack size
               79461  page reclaims
                   1  page faults
                   0  swaps
                   0  block input operations
                   0  block output operations
                   0  messages sent
                   0  messages received
                   1  signals received
                   3  voluntary context switches
               36638  involuntary context switches
         98390236201  instructions retired
         45453463118  cycles elapsed
           982746864  peak memory footprint
