WARNING: A restricted method in java.lang.System has been called
WARNING: java.lang.System::load has been called by com.sun.jna.Native in an unnamed module (file:/Users/jayzhou/.m2/repository/net/java/dev/jna/jna/5.17.0/jna-5.17.0.jar)
WARNING: Use --enable-native-access=ALL-UNNAMED to avoid a warning for callers in this module
WARNING: Restricted methods will be blocked in a future release unless native access is enabled

12:06:06.756 [main] INFO ai.djl.util.Platform -- Found matching platform from: jar:file:/Users/jayzhou/.m2/repository/ai/djl/huggingface/tokenizers/0.38.0/tokenizers-0.38.0.jar!/native/lib/tokenizers.properties
12:06:06.780 [main] INFO ai.djl.util.Platform -- Found matching platform from: jar:file:/Users/jayzhou/.m2/repository/ai/djl/huggingface/tokenizers/0.38.0/tokenizers-0.38.0.jar!/native/lib/tokenizers.properties
12:06:07.611 [main] INFO project.stockrecommendationengine.rag.retrieval.OnnxCrossEncoderScorer -- Cross-encoder loaded: model=models/cross-encoder-ms-marco-MiniLM-L-6-v2/model.onnx, maxLength=512, batchSize=20, inputs=[input_ids TensorInfo(javaType=INT64,onnxType=ONNX_TENSOR_ELEMENT_DATA_TYPE_INT64,shape=[-1, -1],dimNames=[batch_size,sequence_length]); attention_mask TensorInfo(javaType=INT64,onnxType=ONNX_TENSOR_ELEMENT_DATA_TYPE_INT64,shape=[-1, -1],dimNames=[batch_size,sequence_length]); token_type_ids TensorInfo(javaType=INT64,onnxType=ONNX_TENSOR_ELEMENT_DATA_TYPE_INT64,shape=[-1, -1],dimNames=[batch_size,sequence_length])], outputs=[logits TensorInfo(javaType=FLOAT,onnxType=ONNX_TENSOR_ELEMENT_DATA_TYPE_FLOAT,shape=[-1, 1],dimNames=[batch_size,""])]
VALIGN2 M=512 bs=20 qTok=6 n=1 runs=1 runSizes=[1] maxDiff=0.0 bad=0
VALIGN2 M=512 bs=20 qTok=6 n=7 runs=1 runSizes=[7] maxDiff=9.5367431640625E-7 bad=0
VALIGN2 M=512 bs=20 qTok=6 n=20 runs=1 runSizes=[20] maxDiff=2.384185791015625E-6 bad=0
VALIGN2 M=512 bs=20 qTok=6 n=40 runs=3 runSizes=[20, 12, 8] maxDiff=2.384185791015625E-6 bad=0
VALIGN2 M=512 bs=20 qTok=6 n=64 runs=7 runSizes=[20, 12, 8, 8, 8, 4, 4] maxDiff=2.384185791015625E-6 bad=0
12:06:10.515 [main] INFO project.stockrecommendationengine.rag.retrieval.OnnxCrossEncoderScorer -- Cross-encoder query truncated: queryChars=5600, queryCharsKept=5600, queryTokens=700, queryTokensKept=507
12:06:10.543 [main] INFO project.stockrecommendationengine.rag.retrieval.OnnxCrossEncoderScorer -- Cross-encoder query truncated: queryChars=5600, queryCharsKept=5600, queryTokens=700, queryTokensKept=507
12:06:10.571 [main] INFO project.stockrecommendationengine.rag.retrieval.OnnxCrossEncoderScorer -- Cross-encoder query truncated: queryChars=5600, queryCharsKept=5600, queryTokens=700, queryTokensKept=505
12:06:10.599 [main] INFO project.stockrecommendationengine.rag.retrieval.OnnxCrossEncoderScorer -- Cross-encoder query truncated: queryChars=5600, queryCharsKept=5600, queryTokens=700, queryTokensKept=506
12:06:10.626 [main] INFO project.stockrecommendationengine.rag.retrieval.OnnxCrossEncoderScorer -- Cross-encoder query truncated: queryChars=5600, queryCharsKept=5600, queryTokens=700, queryTokensKept=506
12:06:10.652 [main] INFO project.stockrecommendationengine.rag.retrieval.OnnxCrossEncoderScorer -- Cross-encoder query truncated: queryChars=5600, queryCharsKept=5600, queryTokens=700, queryTokensKept=504
12:06:10.679 [main] INFO project.stockrecommendationengine.rag.retrieval.OnnxCrossEncoderScorer -- Cross-encoder query truncated: queryChars=5600, queryCharsKept=5600, queryTokens=700, queryTokensKept=505
12:06:10.706 [main] INFO project.stockrecommendationengine.rag.retrieval.OnnxCrossEncoderScorer -- Cross-encoder query truncated: queryChars=5600, queryCharsKept=5600, queryTokens=700, queryTokensKept=501
12:06:10.732 [main] INFO project.stockrecommendationengine.rag.retrieval.OnnxCrossEncoderScorer -- Cross-encoder query truncated: queryChars=5600, queryCharsKept=5600, queryTokens=700, queryTokensKept=502
12:06:10.761 [main] INFO project.stockrecommendationengine.rag.retrieval.OnnxCrossEncoderScorer -- Cross-encoder query truncated: queryChars=5600, queryCharsKept=5600, queryTokens=700, queryTokensKept=499
12:06:10.791 [main] INFO project.stockrecommendationengine.rag.retrieval.OnnxCrossEncoderScorer -- Cross-encoder query truncated: queryChars=5600, queryCharsKept=5600, queryTokens=700, queryTokensKept=495
12:06:10.818 [main] INFO project.stockrecommendationengine.rag.retrieval.OnnxCrossEncoderScorer -- Cross-encoder query truncated: queryChars=5600, queryCharsKept=5600, queryTokens=700, queryTokensKept=499
12:06:10.848 [main] INFO project.stockrecommendationengine.rag.retrieval.OnnxCrossEncoderScorer -- Cross-encoder query truncated: queryChars=5600, queryCharsKept=5600, queryTokens=700, queryTokensKept=495
12:06:10.876 [main] INFO project.stockrecommendationengine.rag.retrieval.OnnxCrossEncoderScorer -- Cross-encoder query truncated: queryChars=5600, queryCharsKept=5600, queryTokens=700, queryTokensKept=496
12:06:10.910 [main] INFO project.stockrecommendationengine.rag.retrieval.OnnxCrossEncoderScorer -- Cross-encoder query truncated: queryChars=5600, queryCharsKept=5600, queryTokens=700, queryTokensKept=496
12:06:10.937 [main] INFO project.stockrecommendationengine.rag.retrieval.OnnxCrossEncoderScorer -- Cross-encoder query truncated: queryChars=5600, queryCharsKept=5600, queryTokens=700, queryTokensKept=497
12:06:10.965 [main] INFO project.stockrecommendationengine.rag.retrieval.OnnxCrossEncoderScorer -- Cross-encoder query truncated: queryChars=5600, queryCharsKept=5600, queryTokens=700, queryTokensKept=430
12:06:10.991 [main] INFO project.stockrecommendationengine.rag.retrieval.OnnxCrossEncoderScorer -- Cross-encoder query truncated: queryChars=5600, queryCharsKept=5600, queryTokens=700, queryTokensKept=429
12:06:11.021 [main] INFO project.stockrecommendationengine.rag.retrieval.OnnxCrossEncoderScorer -- Cross-encoder query truncated: queryChars=5600, queryCharsKept=5600, queryTokens=700, queryTokensKept=411
12:06:11.048 [main] INFO project.stockrecommendationengine.rag.retrieval.OnnxCrossEncoderScorer -- Cross-encoder query truncated: queryChars=5600, queryCharsKept=5600, queryTokens=700, queryTokensKept=373
12:06:11.075 [main] INFO project.stockrecommendationengine.rag.retrieval.OnnxCrossEncoderScorer -- Cross-encoder query truncated: queryChars=5600, queryCharsKept=5600, queryTokens=700, queryTokensKept=349
12:06:11.104 [main] INFO project.stockrecommendationengine.rag.retrieval.OnnxCrossEncoderScorer -- Cross-encoder query truncated: queryChars=5600, queryCharsKept=5600, queryTokens=700, queryTokensKept=341
12:06:11.131 [main] INFO project.stockrecommendationengine.rag.retrieval.OnnxCrossEncoderScorer -- Cross-encoder query truncated: queryChars=5600, queryCharsKept=5600, queryTokens=700, queryTokensKept=330
12:06:11.158 [main] INFO project.stockrecommendationengine.rag.retrieval.OnnxCrossEncoderScorer -- Cross-encoder query truncated: queryChars=5600, queryCharsKept=5600, queryTokens=700, queryTokensKept=314
12:06:11.185 [main] INFO project.stockrecommendationengine.rag.retrieval.OnnxCrossEncoderScorer -- Cross-encoder query truncated: queryChars=5600, queryCharsKept=5600, queryTokens=700, queryTokensKept=325
12:06:11.211 [main] INFO project.stockrecommendationengine.rag.retrieval.OnnxCrossEncoderScorer -- Cross-encoder query truncated: queryChars=5600, queryCharsKept=5600, queryTokens=700, queryTokensKept=323
12:06:11.241 [main] INFO project.stockrecommendationengine.rag.retrieval.OnnxCrossEncoderScorer -- Cross-encoder query truncated: queryChars=5600, queryCharsKept=5600, queryTokens=700, queryTokensKept=282
12:06:11.270 [main] INFO project.stockrecommendationengine.rag.retrieval.OnnxCrossEncoderScorer -- Cross-encoder query truncated: queryChars=5600, queryCharsKept=5600, queryTokens=700, queryTokensKept=297
12:06:11.298 [main] INFO project.stockrecommendationengine.rag.retrieval.OnnxCrossEncoderScorer -- Cross-encoder query truncated: queryChars=5600, queryCharsKept=5600, queryTokens=700, queryTokensKept=270
12:06:11.327 [main] INFO project.stockrecommendationengine.rag.retrieval.OnnxCrossEncoderScorer -- Cross-encoder query truncated: queryChars=5600, queryCharsKept=5600, queryTokens=700, queryTokensKept=255
12:06:11.354 [main] INFO project.stockrecommendationengine.rag.retrieval.OnnxCrossEncoderScorer -- Cross-encoder query truncated: queryChars=5600, queryCharsKept=5600, queryTokens=700, queryTokensKept=255
12:06:11.382 [main] INFO project.stockrecommendationengine.rag.retrieval.OnnxCrossEncoderScorer -- Cross-encoder query truncated: queryChars=5600, queryCharsKept=5600, queryTokens=700, queryTokensKept=255
12:06:11.410 [main] INFO project.stockrecommendationengine.rag.retrieval.OnnxCrossEncoderScorer -- Cross-encoder query truncated: queryChars=5600, queryCharsKept=5600, queryTokens=700, queryTokensKept=255
12:06:11.438 [main] INFO project.stockrecommendationengine.rag.retrieval.OnnxCrossEncoderScorer -- Cross-encoder query truncated: queryChars=5600, queryCharsKept=5600, queryTokens=700, queryTokensKept=255
12:06:11.469 [main] INFO project.stockrecommendationengine.rag.retrieval.OnnxCrossEncoderScorer -- Cross-encoder query truncated: queryChars=5600, queryCharsKept=5600, queryTokens=700, queryTokensKept=255
12:06:11.498 [main] INFO project.stockrecommendationengine.rag.retrieval.OnnxCrossEncoderScorer -- Cross-encoder query truncated: queryChars=5600, queryCharsKept=5600, queryTokens=700, queryTokensKept=255
12:06:11.526 [main] INFO project.stockrecommendationengine.rag.retrieval.OnnxCrossEncoderScorer -- Cross-encoder query truncated: queryChars=5600, queryCharsKept=5600, queryTokens=700, queryTokensKept=255
12:06:11.554 [main] INFO project.stockrecommendationengine.rag.retrieval.OnnxCrossEncoderScorer -- Cross-encoder query truncated: queryChars=5600, queryCharsKept=5600, queryTokens=700, queryTokensKept=255
12:06:11.581 [main] INFO project.stockrecommendationengine.rag.retrieval.OnnxCrossEncoderScorer -- Cross-encoder query truncated: queryChars=5600, queryCharsKept=5600, queryTokens=700, queryTokensKept=255
12:06:11.610 [main] INFO project.stockrecommendationengine.rag.retrieval.OnnxCrossEncoderScorer -- Cross-encoder query truncated: queryChars=5600, queryCharsKept=5600, queryTokens=700, queryTokensKept=255
12:06:11.638 [main] INFO project.stockrecommendationengine.rag.retrieval.OnnxCrossEncoderScorer -- Cross-encoder query truncated: queryChars=5600, queryCharsKept=5600, queryTokens=700, queryTokensKept=255
12:06:11.667 [main] INFO project.stockrecommendationengine.rag.retrieval.OnnxCrossEncoderScorer -- Cross-encoder query truncated: queryChars=5600, queryCharsKept=5600, queryTokens=700, queryTokensKept=255
12:06:11.700 [main] INFO project.stockrecommendationengine.rag.retrieval.OnnxCrossEncoderScorer -- Cross-encoder query truncated: queryChars=5600, queryCharsKept=5600, queryTokens=700, queryTokensKept=255
12:06:11.729 [main] INFO project.stockrecommendationengine.rag.retrieval.OnnxCrossEncoderScorer -- Cross-encoder query truncated: queryChars=5600, queryCharsKept=5600, queryTokens=700, queryTokensKept=255
12:06:11.760 [main] INFO project.stockrecommendationengine.rag.retrieval.OnnxCrossEncoderScorer -- Cross-encoder query truncated: queryChars=5600, queryCharsKept=5600, queryTokens=700, queryTokensKept=254
12:06:11.788 [main] INFO project.stockrecommendationengine.rag.retrieval.OnnxCrossEncoderScorer -- Cross-encoder query truncated: queryChars=5600, queryCharsKept=5600, queryTokens=700, queryTokensKept=254
12:06:11.816 [main] INFO project.stockrecommendationengine.rag.retrieval.OnnxCrossEncoderScorer -- Cross-encoder query truncated: queryChars=5600, queryCharsKept=5600, queryTokens=700, queryTokensKept=254
12:06:11.845 [main] INFO project.stockrecommendationengine.rag.retrieval.OnnxCrossEncoderScorer -- Cross-encoder query truncated: queryChars=5600, queryCharsKept=5600, queryTokens=700, queryTokensKept=254
12:06:11.874 [main] INFO project.stockrecommendationengine.rag.retrieval.OnnxCrossEncoderScorer -- Cross-encoder query truncated: queryChars=5600, queryCharsKept=5600, queryTokens=700, queryTokensKept=254
12:06:11.904 [main] INFO project.stockrecommendationengine.rag.retrieval.OnnxCrossEncoderScorer -- Cross-encoder query truncated: queryChars=5600, queryCharsKept=5600, queryTokens=700, queryTokensKept=254
12:06:11.935 [main] INFO project.stockrecommendationengine.rag.retrieval.OnnxCrossEncoderScorer -- Cross-encoder query truncated: queryChars=5600, queryCharsKept=5600, queryTokens=700, queryTokensKept=254
12:06:11.965 [main] INFO project.stockrecommendationengine.rag.retrieval.OnnxCrossEncoderScorer -- Cross-encoder query truncated: queryChars=5600, queryCharsKept=5600, queryTokens=700, queryTokensKept=254
12:06:11.995 [main] INFO project.stockrecommendationengine.rag.retrieval.OnnxCrossEncoderScorer -- Cross-encoder query truncated: queryChars=5600, queryCharsKept=5600, queryTokens=700, queryTokensKept=254
12:06:12.028 [main] INFO project.stockrecommendationengine.rag.retrieval.OnnxCrossEncoderScorer -- Cross-encoder query truncated: queryChars=5600, queryCharsKept=5600, queryTokens=700, queryTokensKept=254
12:06:12.058 [main] INFO project.stockrecommendationengine.rag.retrieval.OnnxCrossEncoderScorer -- Cross-encoder query truncated: queryChars=5600, queryCharsKept=5600, queryTokens=700, queryTokensKept=254
12:06:12.088 [main] INFO project.stockrecommendationengine.rag.retrieval.OnnxCrossEncoderScorer -- Cross-encoder query truncated: queryChars=5600, queryCharsKept=5600, queryTokens=700, queryTokensKept=254
12:06:12.120 [main] INFO project.stockrecommendationengine.rag.retrieval.OnnxCrossEncoderScorer -- Cross-encoder query truncated: queryChars=5600, queryCharsKept=5600, queryTokens=700, queryTokensKept=254
12:06:12.155 [main] INFO project.stockrecommendationengine.rag.retrieval.OnnxCrossEncoderScorer -- Cross-encoder query truncated: queryChars=5600, queryCharsKept=5600, queryTokens=700, queryTokensKept=254
12:06:12.185 [main] INFO project.stockrecommendationengine.rag.retrieval.OnnxCrossEncoderScorer -- Cross-encoder query truncated: queryChars=5600, queryCharsKept=5600, queryTokens=700, queryTokensKept=254
12:06:12.215 [main] INFO project.stockrecommendationengine.rag.retrieval.OnnxCrossEncoderScorer -- Cross-encoder query truncated: queryChars=5600, queryCharsKept=5600, queryTokens=700, queryTokensKept=254
12:06:12.244 [main] INFO project.stockrecommendationengine.rag.retrieval.OnnxCrossEncoderScorer -- Cross-encoder query truncated: queryChars=5600, queryCharsKept=5600, queryTokens=700, queryTokensKept=254
12:06:12.273 [main] INFO project.stockrecommendationengine.rag.retrieval.OnnxCrossEncoderScorer -- Cross-encoder query truncated: queryChars=5600, queryCharsKept=5600, queryTokens=700, queryTokensKept=254
12:06:12.303 [main] INFO project.stockrecommendationengine.rag.retrieval.OnnxCrossEncoderScorer -- Cross-encoder query truncated: queryChars=5600, queryCharsKept=5600, queryTokens=700, queryTokensKept=254
12:06:12.331 [main] INFO project.stockrecommendationengine.rag.retrieval.OnnxCrossEncoderScorer -- Cross-encoder query truncated: queryChars=5600, queryCharsKept=5600, queryTokens=700, queryTokensKept=254
12:06:12.358 [main] INFO project.stockrecommendationengine.rag.retrieval.OnnxCrossEncoderScorer -- Cross-encoder query truncated: queryChars=5600, queryCharsKept=5600, queryTokens=700, queryTokensKept=507
VALIGN2 M=512 bs=20 qTok=700 n=1 runs=1 runSizes=[1] maxDiff=0.0 bad=0
12:06:12.543 [main] INFO project.stockrecommendationengine.rag.retrieval.OnnxCrossEncoderScorer -- Cross-encoder query truncated: queryChars=5600, queryCharsKept=5600, queryTokens=700, queryTokensKept=504
VALIGN2 M=512 bs=20 qTok=700 n=7 runs=1 runSizes=[7] maxDiff=0.0 bad=0
12:06:13.065 [main] INFO project.stockrecommendationengine.rag.retrieval.OnnxCrossEncoderScorer -- Cross-encoder query truncated: queryChars=5600, queryCharsKept=5600, queryTokens=700, queryTokensKept=373
VALIGN2 M=512 bs=20 qTok=700 n=20 runs=3 runSizes=[8, 8, 4] maxDiff=0.0 bad=0
12:06:14.149 [main] INFO project.stockrecommendationengine.rag.retrieval.OnnxCrossEncoderScorer -- Cross-encoder query truncated: queryChars=5600, queryCharsKept=5600, queryTokens=700, queryTokensKept=255
VALIGN2 M=512 bs=20 qTok=700 n=40 runs=6 runSizes=[8, 8, 4, 8, 8, 4] maxDiff=0.0 bad=0
12:06:15.943 [main] INFO project.stockrecommendationengine.rag.retrieval.OnnxCrossEncoderScorer -- Cross-encoder query truncated: queryChars=5600, queryCharsKept=5600, queryTokens=700, queryTokensKept=254
VALIGN2 M=512 bs=20 qTok=700 n=64 runs=10 runSizes=[8, 8, 4, 8, 8, 4, 8, 8, 4, 4] maxDiff=0.0 bad=0
12:06:15.946 [main] INFO ai.djl.util.Platform -- Found matching platform from: jar:file:/Users/jayzhou/.m2/repository/ai/djl/huggingface/tokenizers/0.38.0/tokenizers-0.38.0.jar!/native/lib/tokenizers.properties
12:06:16.006 [main] INFO project.stockrecommendationengine.rag.retrieval.OnnxCrossEncoderScorer -- Cross-encoder loaded: model=models/cross-encoder-ms-marco-MiniLM-L-6-v2/model.onnx, maxLength=512, batchSize=64, inputs=[input_ids TensorInfo(javaType=INT64,onnxType=ONNX_TENSOR_ELEMENT_DATA_TYPE_INT64,shape=[-1, -1],dimNames=[batch_size,sequence_length]); attention_mask TensorInfo(javaType=INT64,onnxType=ONNX_TENSOR_ELEMENT_DATA_TYPE_INT64,shape=[-1, -1],dimNames=[batch_size,sequence_length]); token_type_ids TensorInfo(javaType=INT64,onnxType=ONNX_TENSOR_ELEMENT_DATA_TYPE_INT64,shape=[-1, -1],dimNames=[batch_size,sequence_length])], outputs=[logits TensorInfo(javaType=FLOAT,onnxType=ONNX_TENSOR_ELEMENT_DATA_TYPE_FLOAT,shape=[-1, 1],dimNames=[batch_size,""])]
VALIGN2 M=512 bs=64 qTok=6 n=1 runs=1 runSizes=[1] maxDiff=0.0 bad=0
VALIGN2 M=512 bs=64 qTok=6 n=7 runs=1 runSizes=[7] maxDiff=9.5367431640625E-7 bad=0
VALIGN2 M=512 bs=64 qTok=6 n=20 runs=1 runSizes=[20] maxDiff=2.384185791015625E-6 bad=0
VALIGN2 M=512 bs=64 qTok=6 n=40 runs=3 runSizes=[29, 8, 3] maxDiff=2.384185791015625E-6 bad=0
VALIGN2 M=512 bs=64 qTok=6 n=64 runs=6 runSizes=[29, 8, 8, 8, 8, 3] maxDiff=2.384185791015625E-6 bad=0
12:06:19.183 [main] INFO project.stockrecommendationengine.rag.retrieval.OnnxCrossEncoderScorer -- Cross-encoder query truncated: queryChars=5600, queryCharsKept=5600, queryTokens=700, queryTokensKept=507
12:06:19.210 [main] INFO project.stockrecommendationengine.rag.retrieval.OnnxCrossEncoderScorer -- Cross-encoder query truncated: queryChars=5600, queryCharsKept=5600, queryTokens=700, queryTokensKept=507
12:06:19.237 [main] INFO project.stockrecommendationengine.rag.retrieval.OnnxCrossEncoderScorer -- Cross-encoder query truncated: queryChars=5600, queryCharsKept=5600, queryTokens=700, queryTokensKept=505
12:06:19.267 [main] INFO project.stockrecommendationengine.rag.retrieval.OnnxCrossEncoderScorer -- Cross-encoder query truncated: queryChars=5600, queryCharsKept=5600, queryTokens=700, queryTokensKept=506
12:06:19.296 [main] INFO project.stockrecommendationengine.rag.retrieval.OnnxCrossEncoderScorer -- Cross-encoder query truncated: queryChars=5600, queryCharsKept=5600, queryTokens=700, queryTokensKept=506
12:06:19.323 [main] INFO project.stockrecommendationengine.rag.retrieval.OnnxCrossEncoderScorer -- Cross-encoder query truncated: queryChars=5600, queryCharsKept=5600, queryTokens=700, queryTokensKept=504
12:06:19.350 [main] INFO project.stockrecommendationengine.rag.retrieval.OnnxCrossEncoderScorer -- Cross-encoder query truncated: queryChars=5600, queryCharsKept=5600, queryTokens=700, queryTokensKept=505
12:06:19.377 [main] INFO project.stockrecommendationengine.rag.retrieval.OnnxCrossEncoderScorer -- Cross-encoder query truncated: queryChars=5600, queryCharsKept=5600, queryTokens=700, queryTokensKept=501
12:06:19.408 [main] INFO project.stockrecommendationengine.rag.retrieval.OnnxCrossEncoderScorer -- Cross-encoder query truncated: queryChars=5600, queryCharsKept=5600, queryTokens=700, queryTokensKept=502
12:06:19.435 [main] INFO project.stockrecommendationengine.rag.retrieval.OnnxCrossEncoderScorer -- Cross-encoder query truncated: queryChars=5600, queryCharsKept=5600, queryTokens=700, queryTokensKept=499
12:06:19.461 [main] INFO project.stockrecommendationengine.rag.retrieval.OnnxCrossEncoderScorer -- Cross-encoder query truncated: queryChars=5600, queryCharsKept=5600, queryTokens=700, queryTokensKept=495
12:06:19.489 [main] INFO project.stockrecommendationengine.rag.retrieval.OnnxCrossEncoderScorer -- Cross-encoder query truncated: queryChars=5600, queryCharsKept=5600, queryTokens=700, queryTokensKept=499
12:06:19.515 [main] INFO project.stockrecommendationengine.rag.retrieval.OnnxCrossEncoderScorer -- Cross-encoder query truncated: queryChars=5600, queryCharsKept=5600, queryTokens=700, queryTokensKept=495
12:06:19.542 [main] INFO project.stockrecommendationengine.rag.retrieval.OnnxCrossEncoderScorer -- Cross-encoder query truncated: queryChars=5600, queryCharsKept=5600, queryTokens=700, queryTokensKept=496
12:06:19.568 [main] INFO project.stockrecommendationengine.rag.retrieval.OnnxCrossEncoderScorer -- Cross-encoder query truncated: queryChars=5600, queryCharsKept=5600, queryTokens=700, queryTokensKept=496
12:06:19.596 [main] INFO project.stockrecommendationengine.rag.retrieval.OnnxCrossEncoderScorer -- Cross-encoder query truncated: queryChars=5600, queryCharsKept=5600, queryTokens=700, queryTokensKept=497
12:06:19.625 [main] INFO project.stockrecommendationengine.rag.retrieval.OnnxCrossEncoderScorer -- Cross-encoder query truncated: queryChars=5600, queryCharsKept=5600, queryTokens=700, queryTokensKept=430
12:06:19.652 [main] INFO project.stockrecommendationengine.rag.retrieval.OnnxCrossEncoderScorer -- Cross-encoder query truncated: queryChars=5600, queryCharsKept=5600, queryTokens=700, queryTokensKept=429
12:06:19.679 [main] INFO project.stockrecommendationengine.rag.retrieval.OnnxCrossEncoderScorer -- Cross-encoder query truncated: queryChars=5600, queryCharsKept=5600, queryTokens=700, queryTokensKept=411
12:06:19.705 [main] INFO project.stockrecommendationengine.rag.retrieval.OnnxCrossEncoderScorer -- Cross-encoder query truncated: queryChars=5600, queryCharsKept=5600, queryTokens=700, queryTokensKept=373
12:06:19.731 [main] INFO project.stockrecommendationengine.rag.retrieval.OnnxCrossEncoderScorer -- Cross-encoder query truncated: queryChars=5600, queryCharsKept=5600, queryTokens=700, queryTokensKept=349
12:06:19.758 [main] INFO project.stockrecommendationengine.rag.retrieval.OnnxCrossEncoderScorer -- Cross-encoder query truncated: queryChars=5600, queryCharsKept=5600, queryTokens=700, queryTokensKept=341
12:06:19.785 [main] INFO project.stockrecommendationengine.rag.retrieval.OnnxCrossEncoderScorer -- Cross-encoder query truncated: queryChars=5600, queryCharsKept=5600, queryTokens=700, queryTokensKept=330
12:06:19.813 [main] INFO project.stockrecommendationengine.rag.retrieval.OnnxCrossEncoderScorer -- Cross-encoder query truncated: queryChars=5600, queryCharsKept=5600, queryTokens=700, queryTokensKept=314
12:06:19.840 [main] INFO project.stockrecommendationengine.rag.retrieval.OnnxCrossEncoderScorer -- Cross-encoder query truncated: queryChars=5600, queryCharsKept=5600, queryTokens=700, queryTokensKept=325
12:06:19.869 [main] INFO project.stockrecommendationengine.rag.retrieval.OnnxCrossEncoderScorer -- Cross-encoder query truncated: queryChars=5600, queryCharsKept=5600, queryTokens=700, queryTokensKept=323
12:06:19.896 [main] INFO project.stockrecommendationengine.rag.retrieval.OnnxCrossEncoderScorer -- Cross-encoder query truncated: queryChars=5600, queryCharsKept=5600, queryTokens=700, queryTokensKept=282
12:06:19.924 [main] INFO project.stockrecommendationengine.rag.retrieval.OnnxCrossEncoderScorer -- Cross-encoder query truncated: queryChars=5600, queryCharsKept=5600, queryTokens=700, queryTokensKept=297
12:06:19.952 [main] INFO project.stockrecommendationengine.rag.retrieval.OnnxCrossEncoderScorer -- Cross-encoder query truncated: queryChars=5600, queryCharsKept=5600, queryTokens=700, queryTokensKept=270
12:06:19.980 [main] INFO project.stockrecommendationengine.rag.retrieval.OnnxCrossEncoderScorer -- Cross-encoder query truncated: queryChars=5600, queryCharsKept=5600, queryTokens=700, queryTokensKept=255
12:06:20.007 [main] INFO project.stockrecommendationengine.rag.retrieval.OnnxCrossEncoderScorer -- Cross-encoder query truncated: queryChars=5600, queryCharsKept=5600, queryTokens=700, queryTokensKept=255
12:06:20.035 [main] INFO project.stockrecommendationengine.rag.retrieval.OnnxCrossEncoderScorer -- Cross-encoder query truncated: queryChars=5600, queryCharsKept=5600, queryTokens=700, queryTokensKept=255
12:06:20.063 [main] INFO project.stockrecommendationengine.rag.retrieval.OnnxCrossEncoderScorer -- Cross-encoder query truncated: queryChars=5600, queryCharsKept=5600, queryTokens=700, queryTokensKept=255
12:06:20.093 [main] INFO project.stockrecommendationengine.rag.retrieval.OnnxCrossEncoderScorer -- Cross-encoder query truncated: queryChars=5600, queryCharsKept=5600, queryTokens=700, queryTokensKept=255
12:06:20.121 [main] INFO project.stockrecommendationengine.rag.retrieval.OnnxCrossEncoderScorer -- Cross-encoder query truncated: queryChars=5600, queryCharsKept=5600, queryTokens=700, queryTokensKept=255
12:06:20.148 [main] INFO project.stockrecommendationengine.rag.retrieval.OnnxCrossEncoderScorer -- Cross-encoder query truncated: queryChars=5600, queryCharsKept=5600, queryTokens=700, queryTokensKept=255
12:06:20.175 [main] INFO project.stockrecommendationengine.rag.retrieval.OnnxCrossEncoderScorer -- Cross-encoder query truncated: queryChars=5600, queryCharsKept=5600, queryTokens=700, queryTokensKept=255
12:06:20.202 [main] INFO project.stockrecommendationengine.rag.retrieval.OnnxCrossEncoderScorer -- Cross-encoder query truncated: queryChars=5600, queryCharsKept=5600, queryTokens=700, queryTokensKept=255
12:06:20.230 [main] INFO project.stockrecommendationengine.rag.retrieval.OnnxCrossEncoderScorer -- Cross-encoder query truncated: queryChars=5600, queryCharsKept=5600, queryTokens=700, queryTokensKept=255
12:06:20.257 [main] INFO project.stockrecommendationengine.rag.retrieval.OnnxCrossEncoderScorer -- Cross-encoder query truncated: queryChars=5600, queryCharsKept=5600, queryTokens=700, queryTokensKept=255
12:06:20.285 [main] INFO project.stockrecommendationengine.rag.retrieval.OnnxCrossEncoderScorer -- Cross-encoder query truncated: queryChars=5600, queryCharsKept=5600, queryTokens=700, queryTokensKept=255
12:06:20.315 [main] INFO project.stockrecommendationengine.rag.retrieval.OnnxCrossEncoderScorer -- Cross-encoder query truncated: queryChars=5600, queryCharsKept=5600, queryTokens=700, queryTokensKept=255
12:06:20.343 [main] INFO project.stockrecommendationengine.rag.retrieval.OnnxCrossEncoderScorer -- Cross-encoder query truncated: queryChars=5600, queryCharsKept=5600, queryTokens=700, queryTokensKept=255
12:06:20.371 [main] INFO project.stockrecommendationengine.rag.retrieval.OnnxCrossEncoderScorer -- Cross-encoder query truncated: queryChars=5600, queryCharsKept=5600, queryTokens=700, queryTokensKept=255
12:06:20.400 [main] INFO project.stockrecommendationengine.rag.retrieval.OnnxCrossEncoderScorer -- Cross-encoder query truncated: queryChars=5600, queryCharsKept=5600, queryTokens=700, queryTokensKept=254
12:06:20.428 [main] INFO project.stockrecommendationengine.rag.retrieval.OnnxCrossEncoderScorer -- Cross-encoder query truncated: queryChars=5600, queryCharsKept=5600, queryTokens=700, queryTokensKept=254
12:06:20.457 [main] INFO project.stockrecommendationengine.rag.retrieval.OnnxCrossEncoderScorer -- Cross-encoder query truncated: queryChars=5600, queryCharsKept=5600, queryTokens=700, queryTokensKept=254
12:06:20.485 [main] INFO project.stockrecommendationengine.rag.retrieval.OnnxCrossEncoderScorer -- Cross-encoder query truncated: queryChars=5600, queryCharsKept=5600, queryTokens=700, queryTokensKept=254
12:06:20.514 [main] INFO project.stockrecommendationengine.rag.retrieval.OnnxCrossEncoderScorer -- Cross-encoder query truncated: queryChars=5600, queryCharsKept=5600, queryTokens=700, queryTokensKept=254
12:06:20.547 [main] INFO project.stockrecommendationengine.rag.retrieval.OnnxCrossEncoderScorer -- Cross-encoder query truncated: queryChars=5600, queryCharsKept=5600, queryTokens=700, queryTokensKept=254
12:06:20.576 [main] INFO project.stockrecommendationengine.rag.retrieval.OnnxCrossEncoderScorer -- Cross-encoder query truncated: queryChars=5600, queryCharsKept=5600, queryTokens=700, queryTokensKept=254
12:06:20.605 [main] INFO project.stockrecommendationengine.rag.retrieval.OnnxCrossEncoderScorer -- Cross-encoder query truncated: queryChars=5600, queryCharsKept=5600, queryTokens=700, queryTokensKept=254
12:06:20.634 [main] INFO project.stockrecommendationengine.rag.retrieval.OnnxCrossEncoderScorer -- Cross-encoder query truncated: queryChars=5600, queryCharsKept=5600, queryTokens=700, queryTokensKept=254
12:06:20.663 [main] INFO project.stockrecommendationengine.rag.retrieval.OnnxCrossEncoderScorer -- Cross-encoder query truncated: queryChars=5600, queryCharsKept=5600, queryTokens=700, queryTokensKept=254
12:06:20.692 [main] INFO project.stockrecommendationengine.rag.retrieval.OnnxCrossEncoderScorer -- Cross-encoder query truncated: queryChars=5600, queryCharsKept=5600, queryTokens=700, queryTokensKept=254
12:06:20.720 [main] INFO project.stockrecommendationengine.rag.retrieval.OnnxCrossEncoderScorer -- Cross-encoder query truncated: queryChars=5600, queryCharsKept=5600, queryTokens=700, queryTokensKept=254
12:06:20.754 [main] INFO project.stockrecommendationengine.rag.retrieval.OnnxCrossEncoderScorer -- Cross-encoder query truncated: queryChars=5600, queryCharsKept=5600, queryTokens=700, queryTokensKept=254
12:06:20.785 [main] INFO project.stockrecommendationengine.rag.retrieval.OnnxCrossEncoderScorer -- Cross-encoder query truncated: queryChars=5600, queryCharsKept=5600, queryTokens=700, queryTokensKept=254
12:06:20.815 [main] INFO project.stockrecommendationengine.rag.retrieval.OnnxCrossEncoderScorer -- Cross-encoder query truncated: queryChars=5600, queryCharsKept=5600, queryTokens=700, queryTokensKept=254
12:06:20.844 [main] INFO project.stockrecommendationengine.rag.retrieval.OnnxCrossEncoderScorer -- Cross-encoder query truncated: queryChars=5600, queryCharsKept=5600, queryTokens=700, queryTokensKept=254
12:06:20.874 [main] INFO project.stockrecommendationengine.rag.retrieval.OnnxCrossEncoderScorer -- Cross-encoder query truncated: queryChars=5600, queryCharsKept=5600, queryTokens=700, queryTokensKept=254
12:06:20.908 [main] INFO project.stockrecommendationengine.rag.retrieval.OnnxCrossEncoderScorer -- Cross-encoder query truncated: queryChars=5600, queryCharsKept=5600, queryTokens=700, queryTokensKept=254
12:06:20.944 [main] INFO project.stockrecommendationengine.rag.retrieval.OnnxCrossEncoderScorer -- Cross-encoder query truncated: queryChars=5600, queryCharsKept=5600, queryTokens=700, queryTokensKept=254
12:06:20.988 [main] INFO project.stockrecommendationengine.rag.retrieval.OnnxCrossEncoderScorer -- Cross-encoder query truncated: queryChars=5600, queryCharsKept=5600, queryTokens=700, queryTokensKept=254
12:06:21.020 [main] INFO project.stockrecommendationengine.rag.retrieval.OnnxCrossEncoderScorer -- Cross-encoder query truncated: queryChars=5600, queryCharsKept=5600, queryTokens=700, queryTokensKept=507
VALIGN2 M=512 bs=64 qTok=700 n=1 runs=1 runSizes=[1] maxDiff=0.0 bad=0
12:06:21.223 [main] INFO project.stockrecommendationengine.rag.retrieval.OnnxCrossEncoderScorer -- Cross-encoder query truncated: queryChars=5600, queryCharsKept=5600, queryTokens=700, queryTokensKept=504
VALIGN2 M=512 bs=64 qTok=700 n=7 runs=1 runSizes=[7] maxDiff=0.0 bad=0
12:06:21.755 [main] INFO project.stockrecommendationengine.rag.retrieval.OnnxCrossEncoderScorer -- Cross-encoder query truncated: queryChars=5600, queryCharsKept=5600, queryTokens=700, queryTokensKept=373
VALIGN2 M=512 bs=64 qTok=700 n=20 runs=3 runSizes=[8, 8, 4] maxDiff=0.0 bad=0
12:06:22.835 [main] INFO project.stockrecommendationengine.rag.retrieval.OnnxCrossEncoderScorer -- Cross-encoder query truncated: queryChars=5600, queryCharsKept=5600, queryTokens=700, queryTokensKept=255
VALIGN2 M=512 bs=64 qTok=700 n=40 runs=5 runSizes=[8, 8, 8, 8, 8] maxDiff=0.0 bad=0
12:06:24.633 [main] INFO project.stockrecommendationengine.rag.retrieval.OnnxCrossEncoderScorer -- Cross-encoder query truncated: queryChars=5600, queryCharsKept=5600, queryTokens=700, queryTokensKept=254
VALIGN2 M=512 bs=64 qTok=700 n=64 runs=8 runSizes=[8, 8, 8, 8, 8, 8, 8, 8] maxDiff=0.0 bad=0
12:06:24.635 [main] INFO ai.djl.util.Platform -- Found matching platform from: jar:file:/Users/jayzhou/.m2/repository/ai/djl/huggingface/tokenizers/0.38.0/tokenizers-0.38.0.jar!/native/lib/tokenizers.properties
12:06:24.697 [main] INFO project.stockrecommendationengine.rag.retrieval.OnnxCrossEncoderScorer -- Cross-encoder loaded: model=models/cross-encoder-ms-marco-MiniLM-L-6-v2/model.onnx, maxLength=256, batchSize=20, inputs=[input_ids TensorInfo(javaType=INT64,onnxType=ONNX_TENSOR_ELEMENT_DATA_TYPE_INT64,shape=[-1, -1],dimNames=[batch_size,sequence_length]); attention_mask TensorInfo(javaType=INT64,onnxType=ONNX_TENSOR_ELEMENT_DATA_TYPE_INT64,shape=[-1, -1],dimNames=[batch_size,sequence_length]); token_type_ids TensorInfo(javaType=INT64,onnxType=ONNX_TENSOR_ELEMENT_DATA_TYPE_INT64,shape=[-1, -1],dimNames=[batch_size,sequence_length])], outputs=[logits TensorInfo(javaType=FLOAT,onnxType=ONNX_TENSOR_ELEMENT_DATA_TYPE_FLOAT,shape=[-1, 1],dimNames=[batch_size,""])]
VALIGN2 M=256 bs=20 qTok=6 n=1 runs=1 runSizes=[1] maxDiff=0.0 bad=0
VALIGN2 M=256 bs=20 qTok=6 n=7 runs=1 runSizes=[7] maxDiff=9.5367431640625E-7 bad=0
VALIGN2 M=256 bs=20 qTok=6 n=20 runs=1 runSizes=[20] maxDiff=2.384185791015625E-6 bad=0
VALIGN2 M=256 bs=20 qTok=6 n=40 runs=2 runSizes=[20, 20] maxDiff=2.384185791015625E-6 bad=0
VALIGN2 M=256 bs=20 qTok=6 n=64 runs=4 runSizes=[20, 20, 20, 4] maxDiff=2.384185791015625E-6 bad=0
12:06:26.344 [main] INFO project.stockrecommendationengine.rag.retrieval.OnnxCrossEncoderScorer -- Cross-encoder query truncated: queryChars=5600, queryCharsKept=5600, queryTokens=700, queryTokensKept=251
12:06:26.355 [main] INFO project.stockrecommendationengine.rag.retrieval.OnnxCrossEncoderScorer -- Cross-encoder query truncated: queryChars=5600, queryCharsKept=5600, queryTokens=700, queryTokensKept=251
12:06:26.365 [main] INFO project.stockrecommendationengine.rag.retrieval.OnnxCrossEncoderScorer -- Cross-encoder query truncated: queryChars=5600, queryCharsKept=5600, queryTokens=700, queryTokensKept=249
12:06:26.377 [main] INFO project.stockrecommendationengine.rag.retrieval.OnnxCrossEncoderScorer -- Cross-encoder query truncated: queryChars=5600, queryCharsKept=5600, queryTokens=700, queryTokensKept=250
12:06:26.388 [main] INFO project.stockrecommendationengine.rag.retrieval.OnnxCrossEncoderScorer -- Cross-encoder query truncated: queryChars=5600, queryCharsKept=5600, queryTokens=700, queryTokensKept=250
12:06:26.398 [main] INFO project.stockrecommendationengine.rag.retrieval.OnnxCrossEncoderScorer -- Cross-encoder query truncated: queryChars=5600, queryCharsKept=5600, queryTokens=700, queryTokensKept=248
12:06:26.409 [main] INFO project.stockrecommendationengine.rag.retrieval.OnnxCrossEncoderScorer -- Cross-encoder query truncated: queryChars=5600, queryCharsKept=5600, queryTokens=700, queryTokensKept=249
12:06:26.420 [main] INFO project.stockrecommendationengine.rag.retrieval.OnnxCrossEncoderScorer -- Cross-encoder query truncated: queryChars=5600, queryCharsKept=5600, queryTokens=700, queryTokensKept=245
12:06:26.431 [main] INFO project.stockrecommendationengine.rag.retrieval.OnnxCrossEncoderScorer -- Cross-encoder query truncated: queryChars=5600, queryCharsKept=5600, queryTokens=700, queryTokensKept=246
12:06:26.441 [main] INFO project.stockrecommendationengine.rag.retrieval.OnnxCrossEncoderScorer -- Cross-encoder query truncated: queryChars=5600, queryCharsKept=5600, queryTokens=700, queryTokensKept=243
12:06:26.454 [main] INFO project.stockrecommendationengine.rag.retrieval.OnnxCrossEncoderScorer -- Cross-encoder query truncated: queryChars=5600, queryCharsKept=5600, queryTokens=700, queryTokensKept=239
12:06:26.466 [main] INFO project.stockrecommendationengine.rag.retrieval.OnnxCrossEncoderScorer -- Cross-encoder query truncated: queryChars=5600, queryCharsKept=5600, queryTokens=700, queryTokensKept=243
12:06:26.477 [main] INFO project.stockrecommendationengine.rag.retrieval.OnnxCrossEncoderScorer -- Cross-encoder query truncated: queryChars=5600, queryCharsKept=5600, queryTokens=700, queryTokensKept=239
12:06:26.488 [main] INFO project.stockrecommendationengine.rag.retrieval.OnnxCrossEncoderScorer -- Cross-encoder query truncated: queryChars=5600, queryCharsKept=5600, queryTokens=700, queryTokensKept=240
12:06:26.500 [main] INFO project.stockrecommendationengine.rag.retrieval.OnnxCrossEncoderScorer -- Cross-encoder query truncated: queryChars=5600, queryCharsKept=5600, queryTokens=700, queryTokensKept=240
12:06:26.512 [main] INFO project.stockrecommendationengine.rag.retrieval.OnnxCrossEncoderScorer -- Cross-encoder query truncated: queryChars=5600, queryCharsKept=5600, queryTokens=700, queryTokensKept=241
12:06:26.523 [main] INFO project.stockrecommendationengine.rag.retrieval.OnnxCrossEncoderScorer -- Cross-encoder query truncated: queryChars=5600, queryCharsKept=5600, queryTokens=700, queryTokensKept=174
12:06:26.535 [main] INFO project.stockrecommendationengine.rag.retrieval.OnnxCrossEncoderScorer -- Cross-encoder query truncated: queryChars=5600, queryCharsKept=5600, queryTokens=700, queryTokensKept=173
12:06:26.547 [main] INFO project.stockrecommendationengine.rag.retrieval.OnnxCrossEncoderScorer -- Cross-encoder query truncated: queryChars=5600, queryCharsKept=5600, queryTokens=700, queryTokensKept=155
12:06:26.558 [main] INFO project.stockrecommendationengine.rag.retrieval.OnnxCrossEncoderScorer -- Cross-encoder query truncated: queryChars=5600, queryCharsKept=5600, queryTokens=700, queryTokensKept=127
12:06:26.569 [main] INFO project.stockrecommendationengine.rag.retrieval.OnnxCrossEncoderScorer -- Cross-encoder query truncated: queryChars=5600, queryCharsKept=5600, queryTokens=700, queryTokensKept=127
12:06:26.580 [main] INFO project.stockrecommendationengine.rag.retrieval.OnnxCrossEncoderScorer -- Cross-encoder query truncated: queryChars=5600, queryCharsKept=5600, queryTokens=700, queryTokensKept=127
12:06:26.591 [main] INFO project.stockrecommendationengine.rag.retrieval.OnnxCrossEncoderScorer -- Cross-encoder query truncated: queryChars=5600, queryCharsKept=5600, queryTokens=700, queryTokensKept=127
12:06:26.602 [main] INFO project.stockrecommendationengine.rag.retrieval.OnnxCrossEncoderScorer -- Cross-encoder query truncated: queryChars=5600, queryCharsKept=5600, queryTokens=700, queryTokensKept=127
12:06:26.616 [main] INFO project.stockrecommendationengine.rag.retrieval.OnnxCrossEncoderScorer -- Cross-encoder query truncated: queryChars=5600, queryCharsKept=5600, queryTokens=700, queryTokensKept=127
12:06:26.627 [main] INFO project.stockrecommendationengine.rag.retrieval.OnnxCrossEncoderScorer -- Cross-encoder query truncated: queryChars=5600, queryCharsKept=5600, queryTokens=700, queryTokensKept=127
12:06:26.638 [main] INFO project.stockrecommendationengine.rag.retrieval.OnnxCrossEncoderScorer -- Cross-encoder query truncated: queryChars=5600, queryCharsKept=5600, queryTokens=700, queryTokensKept=127
12:06:26.649 [main] INFO project.stockrecommendationengine.rag.retrieval.OnnxCrossEncoderScorer -- Cross-encoder query truncated: queryChars=5600, queryCharsKept=5600, queryTokens=700, queryTokensKept=127
12:06:26.662 [main] INFO project.stockrecommendationengine.rag.retrieval.OnnxCrossEncoderScorer -- Cross-encoder query truncated: queryChars=5600, queryCharsKept=5600, queryTokens=700, queryTokensKept=127
12:06:26.673 [main] INFO project.stockrecommendationengine.rag.retrieval.OnnxCrossEncoderScorer -- Cross-encoder query truncated: queryChars=5600, queryCharsKept=5600, queryTokens=700, queryTokensKept=127
12:06:26.686 [main] INFO project.stockrecommendationengine.rag.retrieval.OnnxCrossEncoderScorer -- Cross-encoder query truncated: queryChars=5600, queryCharsKept=5600, queryTokens=700, queryTokensKept=127
12:06:26.698 [main] INFO project.stockrecommendationengine.rag.retrieval.OnnxCrossEncoderScorer -- Cross-encoder query truncated: queryChars=5600, queryCharsKept=5600, queryTokens=700, queryTokensKept=127
12:06:26.709 [main] INFO project.stockrecommendationengine.rag.retrieval.OnnxCrossEncoderScorer -- Cross-encoder query truncated: queryChars=5600, queryCharsKept=5600, queryTokens=700, queryTokensKept=127
12:06:26.721 [main] INFO project.stockrecommendationengine.rag.retrieval.OnnxCrossEncoderScorer -- Cross-encoder query truncated: queryChars=5600, queryCharsKept=5600, queryTokens=700, queryTokensKept=127
12:06:26.732 [main] INFO project.stockrecommendationengine.rag.retrieval.OnnxCrossEncoderScorer -- Cross-encoder query truncated: queryChars=5600, queryCharsKept=5600, queryTokens=700, queryTokensKept=127
12:06:26.744 [main] INFO project.stockrecommendationengine.rag.retrieval.OnnxCrossEncoderScorer -- Cross-encoder query truncated: queryChars=5600, queryCharsKept=5600, queryTokens=700, queryTokensKept=127
12:06:26.755 [main] INFO project.stockrecommendationengine.rag.retrieval.OnnxCrossEncoderScorer -- Cross-encoder query truncated: queryChars=5600, queryCharsKept=5600, queryTokens=700, queryTokensKept=127
12:06:26.767 [main] INFO project.stockrecommendationengine.rag.retrieval.OnnxCrossEncoderScorer -- Cross-encoder query truncated: queryChars=5600, queryCharsKept=5600, queryTokens=700, queryTokensKept=127
12:06:26.779 [main] INFO project.stockrecommendationengine.rag.retrieval.OnnxCrossEncoderScorer -- Cross-encoder query truncated: queryChars=5600, queryCharsKept=5600, queryTokens=700, queryTokensKept=127
12:06:26.790 [main] INFO project.stockrecommendationengine.rag.retrieval.OnnxCrossEncoderScorer -- Cross-encoder query truncated: queryChars=5600, queryCharsKept=5600, queryTokens=700, queryTokensKept=127
12:06:26.803 [main] INFO project.stockrecommendationengine.rag.retrieval.OnnxCrossEncoderScorer -- Cross-encoder query truncated: queryChars=5600, queryCharsKept=5600, queryTokens=700, queryTokensKept=127
12:06:26.817 [main] INFO project.stockrecommendationengine.rag.retrieval.OnnxCrossEncoderScorer -- Cross-encoder query truncated: queryChars=5600, queryCharsKept=5600, queryTokens=700, queryTokensKept=127
12:06:26.830 [main] INFO project.stockrecommendationengine.rag.retrieval.OnnxCrossEncoderScorer -- Cross-encoder query truncated: queryChars=5600, queryCharsKept=5600, queryTokens=700, queryTokensKept=127
12:06:26.842 [main] INFO project.stockrecommendationengine.rag.retrieval.OnnxCrossEncoderScorer -- Cross-encoder query truncated: queryChars=5600, queryCharsKept=5600, queryTokens=700, queryTokensKept=127
12:06:26.854 [main] INFO project.stockrecommendationengine.rag.retrieval.OnnxCrossEncoderScorer -- Cross-encoder query truncated: queryChars=5600, queryCharsKept=5600, queryTokens=700, queryTokensKept=126
12:06:26.868 [main] INFO project.stockrecommendationengine.rag.retrieval.OnnxCrossEncoderScorer -- Cross-encoder query truncated: queryChars=5600, queryCharsKept=5600, queryTokens=700, queryTokensKept=126
12:06:26.880 [main] INFO project.stockrecommendationengine.rag.retrieval.OnnxCrossEncoderScorer -- Cross-encoder query truncated: queryChars=5600, queryCharsKept=5600, queryTokens=700, queryTokensKept=126
12:06:26.892 [main] INFO project.stockrecommendationengine.rag.retrieval.OnnxCrossEncoderScorer -- Cross-encoder query truncated: queryChars=5600, queryCharsKept=5600, queryTokens=700, queryTokensKept=126
12:06:26.905 [main] INFO project.stockrecommendationengine.rag.retrieval.OnnxCrossEncoderScorer -- Cross-encoder query truncated: queryChars=5600, queryCharsKept=5600, queryTokens=700, queryTokensKept=126
12:06:26.920 [main] INFO project.stockrecommendationengine.rag.retrieval.OnnxCrossEncoderScorer -- Cross-encoder query truncated: queryChars=5600, queryCharsKept=5600, queryTokens=700, queryTokensKept=126
12:06:26.933 [main] INFO project.stockrecommendationengine.rag.retrieval.OnnxCrossEncoderScorer -- Cross-encoder query truncated: queryChars=5600, queryCharsKept=5600, queryTokens=700, queryTokensKept=126
12:06:26.946 [main] INFO project.stockrecommendationengine.rag.retrieval.OnnxCrossEncoderScorer -- Cross-encoder query truncated: queryChars=5600, queryCharsKept=5600, queryTokens=700, queryTokensKept=126
12:06:26.959 [main] INFO project.stockrecommendationengine.rag.retrieval.OnnxCrossEncoderScorer -- Cross-encoder query truncated: queryChars=5600, queryCharsKept=5600, queryTokens=700, queryTokensKept=126
12:06:26.973 [main] INFO project.stockrecommendationengine.rag.retrieval.OnnxCrossEncoderScorer -- Cross-encoder query truncated: queryChars=5600, queryCharsKept=5600, queryTokens=700, queryTokensKept=126
12:06:26.985 [main] INFO project.stockrecommendationengine.rag.retrieval.OnnxCrossEncoderScorer -- Cross-encoder query truncated: queryChars=5600, queryCharsKept=5600, queryTokens=700, queryTokensKept=126
12:06:26.999 [main] INFO project.stockrecommendationengine.rag.retrieval.OnnxCrossEncoderScorer -- Cross-encoder query truncated: queryChars=5600, queryCharsKept=5600, queryTokens=700, queryTokensKept=126
12:06:27.011 [main] INFO project.stockrecommendationengine.rag.retrieval.OnnxCrossEncoderScorer -- Cross-encoder query truncated: queryChars=5600, queryCharsKept=5600, queryTokens=700, queryTokensKept=126
12:06:27.027 [main] INFO project.stockrecommendationengine.rag.retrieval.OnnxCrossEncoderScorer -- Cross-encoder query truncated: queryChars=5600, queryCharsKept=5600, queryTokens=700, queryTokensKept=126
12:06:27.041 [main] INFO project.stockrecommendationengine.rag.retrieval.OnnxCrossEncoderScorer -- Cross-encoder query truncated: queryChars=5600, queryCharsKept=5600, queryTokens=700, queryTokensKept=126
12:06:27.054 [main] INFO project.stockrecommendationengine.rag.retrieval.OnnxCrossEncoderScorer -- Cross-encoder query truncated: queryChars=5600, queryCharsKept=5600, queryTokens=700, queryTokensKept=126
12:06:27.067 [main] INFO project.stockrecommendationengine.rag.retrieval.OnnxCrossEncoderScorer -- Cross-encoder query truncated: queryChars=5600, queryCharsKept=5600, queryTokens=700, queryTokensKept=126
12:06:27.081 [main] INFO project.stockrecommendationengine.rag.retrieval.OnnxCrossEncoderScorer -- Cross-encoder query truncated: queryChars=5600, queryCharsKept=5600, queryTokens=700, queryTokensKept=126
12:06:27.095 [main] INFO project.stockrecommendationengine.rag.retrieval.OnnxCrossEncoderScorer -- Cross-encoder query truncated: queryChars=5600, queryCharsKept=5600, queryTokens=700, queryTokensKept=126
12:06:27.111 [main] INFO project.stockrecommendationengine.rag.retrieval.OnnxCrossEncoderScorer -- Cross-encoder query truncated: queryChars=5600, queryCharsKept=5600, queryTokens=700, queryTokensKept=126
12:06:27.123 [main] INFO project.stockrecommendationengine.rag.retrieval.OnnxCrossEncoderScorer -- Cross-encoder query truncated: queryChars=5600, queryCharsKept=5600, queryTokens=700, queryTokensKept=251
VALIGN2 M=256 bs=20 qTok=700 n=1 runs=1 runSizes=[1] maxDiff=0.0 bad=0
12:06:27.196 [main] INFO project.stockrecommendationengine.rag.retrieval.OnnxCrossEncoderScorer -- Cross-encoder query truncated: queryChars=5600, queryCharsKept=5600, queryTokens=700, queryTokensKept=248
VALIGN2 M=256 bs=20 qTok=700 n=7 runs=1 runSizes=[7] maxDiff=0.0 bad=0
12:06:27.410 [main] INFO project.stockrecommendationengine.rag.retrieval.OnnxCrossEncoderScorer -- Cross-encoder query truncated: queryChars=5600, queryCharsKept=5600, queryTokens=700, queryTokensKept=127
VALIGN2 M=256 bs=20 qTok=700 n=20 runs=1 runSizes=[20] maxDiff=0.0 bad=0
12:06:27.888 [main] INFO project.stockrecommendationengine.rag.retrieval.OnnxCrossEncoderScorer -- Cross-encoder query truncated: queryChars=5600, queryCharsKept=5600, queryTokens=700, queryTokensKept=127
VALIGN2 M=256 bs=20 qTok=700 n=40 runs=2 runSizes=[20, 20] maxDiff=0.0 bad=0
12:06:28.651 [main] INFO project.stockrecommendationengine.rag.retrieval.OnnxCrossEncoderScorer -- Cross-encoder query truncated: queryChars=5600, queryCharsKept=5600, queryTokens=700, queryTokensKept=126
VALIGN2 M=256 bs=20 qTok=700 n=64 runs=4 runSizes=[20, 20, 20, 4] maxDiff=0.0 bad=0
12:06:28.653 [main] INFO ai.djl.util.Platform -- Found matching platform from: jar:file:/Users/jayzhou/.m2/repository/ai/djl/huggingface/tokenizers/0.38.0/tokenizers-0.38.0.jar!/native/lib/tokenizers.properties
12:06:28.712 [main] INFO project.stockrecommendationengine.rag.retrieval.OnnxCrossEncoderScorer -- Cross-encoder loaded: model=models/cross-encoder-ms-marco-MiniLM-L-6-v2/model.onnx, maxLength=256, batchSize=64, inputs=[input_ids TensorInfo(javaType=INT64,onnxType=ONNX_TENSOR_ELEMENT_DATA_TYPE_INT64,shape=[-1, -1],dimNames=[batch_size,sequence_length]); attention_mask TensorInfo(javaType=INT64,onnxType=ONNX_TENSOR_ELEMENT_DATA_TYPE_INT64,shape=[-1, -1],dimNames=[batch_size,sequence_length]); token_type_ids TensorInfo(javaType=INT64,onnxType=ONNX_TENSOR_ELEMENT_DATA_TYPE_INT64,shape=[-1, -1],dimNames=[batch_size,sequence_length])], outputs=[logits TensorInfo(javaType=FLOAT,onnxType=ONNX_TENSOR_ELEMENT_DATA_TYPE_FLOAT,shape=[-1, 1],dimNames=[batch_size,""])]
VALIGN2 M=256 bs=64 qTok=6 n=1 runs=1 runSizes=[1] maxDiff=0.0 bad=0
VALIGN2 M=256 bs=64 qTok=6 n=7 runs=1 runSizes=[7] maxDiff=9.5367431640625E-7 bad=0
VALIGN2 M=256 bs=64 qTok=6 n=20 runs=1 runSizes=[20] maxDiff=2.384185791015625E-6 bad=0
VALIGN2 M=256 bs=64 qTok=6 n=40 runs=2 runSizes=[32, 8] maxDiff=2.384185791015625E-6 bad=0
VALIGN2 M=256 bs=64 qTok=6 n=64 runs=2 runSizes=[32, 32] maxDiff=2.384185791015625E-6 bad=0
12:06:30.611 [main] INFO project.stockrecommendationengine.rag.retrieval.OnnxCrossEncoderScorer -- Cross-encoder query truncated: queryChars=5600, queryCharsKept=5600, queryTokens=700, queryTokensKept=251
12:06:30.624 [main] INFO project.stockrecommendationengine.rag.retrieval.OnnxCrossEncoderScorer -- Cross-encoder query truncated: queryChars=5600, queryCharsKept=5600, queryTokens=700, queryTokensKept=251
12:06:30.639 [main] INFO project.stockrecommendationengine.rag.retrieval.OnnxCrossEncoderScorer -- Cross-encoder query truncated: queryChars=5600, queryCharsKept=5600, queryTokens=700, queryTokensKept=249
12:06:30.654 [main] INFO project.stockrecommendationengine.rag.retrieval.OnnxCrossEncoderScorer -- Cross-encoder query truncated: queryChars=5600, queryCharsKept=5600, queryTokens=700, queryTokensKept=250
12:06:30.668 [main] INFO project.stockrecommendationengine.rag.retrieval.OnnxCrossEncoderScorer -- Cross-encoder query truncated: queryChars=5600, queryCharsKept=5600, queryTokens=700, queryTokensKept=250
12:06:30.681 [main] INFO project.stockrecommendationengine.rag.retrieval.OnnxCrossEncoderScorer -- Cross-encoder query truncated: queryChars=5600, queryCharsKept=5600, queryTokens=700, queryTokensKept=248
12:06:30.695 [main] INFO project.stockrecommendationengine.rag.retrieval.OnnxCrossEncoderScorer -- Cross-encoder query truncated: queryChars=5600, queryCharsKept=5600, queryTokens=700, queryTokensKept=249
12:06:30.708 [main] INFO project.stockrecommendationengine.rag.retrieval.OnnxCrossEncoderScorer -- Cross-encoder query truncated: queryChars=5600, queryCharsKept=5600, queryTokens=700, queryTokensKept=245
12:06:30.720 [main] INFO project.stockrecommendationengine.rag.retrieval.OnnxCrossEncoderScorer -- Cross-encoder query truncated: queryChars=5600, queryCharsKept=5600, queryTokens=700, queryTokensKept=246
12:06:30.733 [main] INFO project.stockrecommendationengine.rag.retrieval.OnnxCrossEncoderScorer -- Cross-encoder query truncated: queryChars=5600, queryCharsKept=5600, queryTokens=700, queryTokensKept=243
12:06:30.747 [main] INFO project.stockrecommendationengine.rag.retrieval.OnnxCrossEncoderScorer -- Cross-encoder query truncated: queryChars=5600, queryCharsKept=5600, queryTokens=700, queryTokensKept=239
12:06:30.759 [main] INFO project.stockrecommendationengine.rag.retrieval.OnnxCrossEncoderScorer -- Cross-encoder query truncated: queryChars=5600, queryCharsKept=5600, queryTokens=700, queryTokensKept=243
12:06:30.773 [main] INFO project.stockrecommendationengine.rag.retrieval.OnnxCrossEncoderScorer -- Cross-encoder query truncated: queryChars=5600, queryCharsKept=5600, queryTokens=700, queryTokensKept=239
12:06:30.787 [main] INFO project.stockrecommendationengine.rag.retrieval.OnnxCrossEncoderScorer -- Cross-encoder query truncated: queryChars=5600, queryCharsKept=5600, queryTokens=700, queryTokensKept=240
12:06:30.799 [main] INFO project.stockrecommendationengine.rag.retrieval.OnnxCrossEncoderScorer -- Cross-encoder query truncated: queryChars=5600, queryCharsKept=5600, queryTokens=700, queryTokensKept=240
12:06:30.812 [main] INFO project.stockrecommendationengine.rag.retrieval.OnnxCrossEncoderScorer -- Cross-encoder query truncated: queryChars=5600, queryCharsKept=5600, queryTokens=700, queryTokensKept=241
12:06:30.827 [main] INFO project.stockrecommendationengine.rag.retrieval.OnnxCrossEncoderScorer -- Cross-encoder query truncated: queryChars=5600, queryCharsKept=5600, queryTokens=700, queryTokensKept=174
12:06:30.840 [main] INFO project.stockrecommendationengine.rag.retrieval.OnnxCrossEncoderScorer -- Cross-encoder query truncated: queryChars=5600, queryCharsKept=5600, queryTokens=700, queryTokensKept=173
12:06:30.853 [main] INFO project.stockrecommendationengine.rag.retrieval.OnnxCrossEncoderScorer -- Cross-encoder query truncated: queryChars=5600, queryCharsKept=5600, queryTokens=700, queryTokensKept=155
12:06:30.864 [main] INFO project.stockrecommendationengine.rag.retrieval.OnnxCrossEncoderScorer -- Cross-encoder query truncated: queryChars=5600, queryCharsKept=5600, queryTokens=700, queryTokensKept=127
12:06:30.878 [main] INFO project.stockrecommendationengine.rag.retrieval.OnnxCrossEncoderScorer -- Cross-encoder query truncated: queryChars=5600, queryCharsKept=5600, queryTokens=700, queryTokensKept=127
12:06:30.893 [main] INFO project.stockrecommendationengine.rag.retrieval.OnnxCrossEncoderScorer -- Cross-encoder query truncated: queryChars=5600, queryCharsKept=5600, queryTokens=700, queryTokensKept=127
12:06:30.905 [main] INFO project.stockrecommendationengine.rag.retrieval.OnnxCrossEncoderScorer -- Cross-encoder query truncated: queryChars=5600, queryCharsKept=5600, queryTokens=700, queryTokensKept=127
12:06:30.920 [main] INFO project.stockrecommendationengine.rag.retrieval.OnnxCrossEncoderScorer -- Cross-encoder query truncated: queryChars=5600, queryCharsKept=5600, queryTokens=700, queryTokensKept=127
12:06:30.934 [main] INFO project.stockrecommendationengine.rag.retrieval.OnnxCrossEncoderScorer -- Cross-encoder query truncated: queryChars=5600, queryCharsKept=5600, queryTokens=700, queryTokensKept=127
12:06:30.947 [main] INFO project.stockrecommendationengine.rag.retrieval.OnnxCrossEncoderScorer -- Cross-encoder query truncated: queryChars=5600, queryCharsKept=5600, queryTokens=700, queryTokensKept=127
12:06:30.960 [main] INFO project.stockrecommendationengine.rag.retrieval.OnnxCrossEncoderScorer -- Cross-encoder query truncated: queryChars=5600, queryCharsKept=5600, queryTokens=700, queryTokensKept=127
12:06:30.974 [main] INFO project.stockrecommendationengine.rag.retrieval.OnnxCrossEncoderScorer -- Cross-encoder query truncated: queryChars=5600, queryCharsKept=5600, queryTokens=700, queryTokensKept=127
12:06:30.987 [main] INFO project.stockrecommendationengine.rag.retrieval.OnnxCrossEncoderScorer -- Cross-encoder query truncated: queryChars=5600, queryCharsKept=5600, queryTokens=700, queryTokensKept=127
12:06:31.003 [main] INFO project.stockrecommendationengine.rag.retrieval.OnnxCrossEncoderScorer -- Cross-encoder query truncated: queryChars=5600, queryCharsKept=5600, queryTokens=700, queryTokensKept=127
12:06:31.017 [main] INFO project.stockrecommendationengine.rag.retrieval.OnnxCrossEncoderScorer -- Cross-encoder query truncated: queryChars=5600, queryCharsKept=5600, queryTokens=700, queryTokensKept=127
12:06:31.028 [main] INFO project.stockrecommendationengine.rag.retrieval.OnnxCrossEncoderScorer -- Cross-encoder query truncated: queryChars=5600, queryCharsKept=5600, queryTokens=700, queryTokensKept=127
12:06:31.038 [main] INFO project.stockrecommendationengine.rag.retrieval.OnnxCrossEncoderScorer -- Cross-encoder query truncated: queryChars=5600, queryCharsKept=5600, queryTokens=700, queryTokensKept=127
12:06:31.050 [main] INFO project.stockrecommendationengine.rag.retrieval.OnnxCrossEncoderScorer -- Cross-encoder query truncated: queryChars=5600, queryCharsKept=5600, queryTokens=700, queryTokensKept=127
12:06:31.062 [main] INFO project.stockrecommendationengine.rag.retrieval.OnnxCrossEncoderScorer -- Cross-encoder query truncated: queryChars=5600, queryCharsKept=5600, queryTokens=700, queryTokensKept=127
12:06:31.074 [main] INFO project.stockrecommendationengine.rag.retrieval.OnnxCrossEncoderScorer -- Cross-encoder query truncated: queryChars=5600, queryCharsKept=5600, queryTokens=700, queryTokensKept=127
12:06:31.088 [main] INFO project.stockrecommendationengine.rag.retrieval.OnnxCrossEncoderScorer -- Cross-encoder query truncated: queryChars=5600, queryCharsKept=5600, queryTokens=700, queryTokensKept=127
12:06:31.099 [main] INFO project.stockrecommendationengine.rag.retrieval.OnnxCrossEncoderScorer -- Cross-encoder query truncated: queryChars=5600, queryCharsKept=5600, queryTokens=700, queryTokensKept=127
12:06:31.111 [main] INFO project.stockrecommendationengine.rag.retrieval.OnnxCrossEncoderScorer -- Cross-encoder query truncated: queryChars=5600, queryCharsKept=5600, queryTokens=700, queryTokensKept=127
12:06:31.122 [main] INFO project.stockrecommendationengine.rag.retrieval.OnnxCrossEncoderScorer -- Cross-encoder query truncated: queryChars=5600, queryCharsKept=5600, queryTokens=700, queryTokensKept=127
12:06:31.133 [main] INFO project.stockrecommendationengine.rag.retrieval.OnnxCrossEncoderScorer -- Cross-encoder query truncated: queryChars=5600, queryCharsKept=5600, queryTokens=700, queryTokensKept=127
12:06:31.145 [main] INFO project.stockrecommendationengine.rag.retrieval.OnnxCrossEncoderScorer -- Cross-encoder query truncated: queryChars=5600, queryCharsKept=5600, queryTokens=700, queryTokensKept=127
12:06:31.156 [main] INFO project.stockrecommendationengine.rag.retrieval.OnnxCrossEncoderScorer -- Cross-encoder query truncated: queryChars=5600, queryCharsKept=5600, queryTokens=700, queryTokensKept=127
12:06:31.168 [main] INFO project.stockrecommendationengine.rag.retrieval.OnnxCrossEncoderScorer -- Cross-encoder query truncated: queryChars=5600, queryCharsKept=5600, queryTokens=700, queryTokensKept=127
12:06:31.183 [main] INFO project.stockrecommendationengine.rag.retrieval.OnnxCrossEncoderScorer -- Cross-encoder query truncated: queryChars=5600, queryCharsKept=5600, queryTokens=700, queryTokensKept=126
12:06:31.195 [main] INFO project.stockrecommendationengine.rag.retrieval.OnnxCrossEncoderScorer -- Cross-encoder query truncated: queryChars=5600, queryCharsKept=5600, queryTokens=700, queryTokensKept=126
12:06:31.210 [main] INFO project.stockrecommendationengine.rag.retrieval.OnnxCrossEncoderScorer -- Cross-encoder query truncated: queryChars=5600, queryCharsKept=5600, queryTokens=700, queryTokensKept=126
12:06:31.224 [main] INFO project.stockrecommendationengine.rag.retrieval.OnnxCrossEncoderScorer -- Cross-encoder query truncated: queryChars=5600, queryCharsKept=5600, queryTokens=700, queryTokensKept=126
12:06:31.236 [main] INFO project.stockrecommendationengine.rag.retrieval.OnnxCrossEncoderScorer -- Cross-encoder query truncated: queryChars=5600, queryCharsKept=5600, queryTokens=700, queryTokensKept=126
12:06:31.248 [main] INFO project.stockrecommendationengine.rag.retrieval.OnnxCrossEncoderScorer -- Cross-encoder query truncated: queryChars=5600, queryCharsKept=5600, queryTokens=700, queryTokensKept=126
12:06:31.260 [main] INFO project.stockrecommendationengine.rag.retrieval.OnnxCrossEncoderScorer -- Cross-encoder query truncated: queryChars=5600, queryCharsKept=5600, queryTokens=700, queryTokensKept=126
12:06:31.272 [main] INFO project.stockrecommendationengine.rag.retrieval.OnnxCrossEncoderScorer -- Cross-encoder query truncated: queryChars=5600, queryCharsKept=5600, queryTokens=700, queryTokensKept=126
12:06:31.285 [main] INFO project.stockrecommendationengine.rag.retrieval.OnnxCrossEncoderScorer -- Cross-encoder query truncated: queryChars=5600, queryCharsKept=5600, queryTokens=700, queryTokensKept=126
12:06:31.300 [main] INFO project.stockrecommendationengine.rag.retrieval.OnnxCrossEncoderScorer -- Cross-encoder query truncated: queryChars=5600, queryCharsKept=5600, queryTokens=700, queryTokensKept=126
12:06:31.313 [main] INFO project.stockrecommendationengine.rag.retrieval.OnnxCrossEncoderScorer -- Cross-encoder query truncated: queryChars=5600, queryCharsKept=5600, queryTokens=700, queryTokensKept=126
12:06:31.326 [main] INFO project.stockrecommendationengine.rag.retrieval.OnnxCrossEncoderScorer -- Cross-encoder query truncated: queryChars=5600, queryCharsKept=5600, queryTokens=700, queryTokensKept=126
12:06:31.340 [main] INFO project.stockrecommendationengine.rag.retrieval.OnnxCrossEncoderScorer -- Cross-encoder query truncated: queryChars=5600, queryCharsKept=5600, queryTokens=700, queryTokensKept=126
12:06:31.354 [main] INFO project.stockrecommendationengine.rag.retrieval.OnnxCrossEncoderScorer -- Cross-encoder query truncated: queryChars=5600, queryCharsKept=5600, queryTokens=700, queryTokensKept=126
12:06:31.366 [main] INFO project.stockrecommendationengine.rag.retrieval.OnnxCrossEncoderScorer -- Cross-encoder query truncated: queryChars=5600, queryCharsKept=5600, queryTokens=700, queryTokensKept=126
12:06:31.379 [main] INFO project.stockrecommendationengine.rag.retrieval.OnnxCrossEncoderScorer -- Cross-encoder query truncated: queryChars=5600, queryCharsKept=5600, queryTokens=700, queryTokensKept=126
12:06:31.391 [main] INFO project.stockrecommendationengine.rag.retrieval.OnnxCrossEncoderScorer -- Cross-encoder query truncated: queryChars=5600, queryCharsKept=5600, queryTokens=700, queryTokensKept=126
12:06:31.405 [main] INFO project.stockrecommendationengine.rag.retrieval.OnnxCrossEncoderScorer -- Cross-encoder query truncated: queryChars=5600, queryCharsKept=5600, queryTokens=700, queryTokensKept=126
12:06:31.418 [main] INFO project.stockrecommendationengine.rag.retrieval.OnnxCrossEncoderScorer -- Cross-encoder query truncated: queryChars=5600, queryCharsKept=5600, queryTokens=700, queryTokensKept=126
12:06:31.431 [main] INFO project.stockrecommendationengine.rag.retrieval.OnnxCrossEncoderScorer -- Cross-encoder query truncated: queryChars=5600, queryCharsKept=5600, queryTokens=700, queryTokensKept=126
12:06:31.442 [main] INFO project.stockrecommendationengine.rag.retrieval.OnnxCrossEncoderScorer -- Cross-encoder query truncated: queryChars=5600, queryCharsKept=5600, queryTokens=700, queryTokensKept=251
VALIGN2 M=256 bs=64 qTok=700 n=1 runs=1 runSizes=[1] maxDiff=0.0 bad=0
12:06:31.514 [main] INFO project.stockrecommendationengine.rag.retrieval.OnnxCrossEncoderScorer -- Cross-encoder query truncated: queryChars=5600, queryCharsKept=5600, queryTokens=700, queryTokensKept=248
VALIGN2 M=256 bs=64 qTok=700 n=7 runs=1 runSizes=[7] maxDiff=0.0 bad=0
12:06:31.728 [main] INFO project.stockrecommendationengine.rag.retrieval.OnnxCrossEncoderScorer -- Cross-encoder query truncated: queryChars=5600, queryCharsKept=5600, queryTokens=700, queryTokensKept=127
VALIGN2 M=256 bs=64 qTok=700 n=20 runs=1 runSizes=[20] maxDiff=0.0 bad=0
12:06:32.170 [main] INFO project.stockrecommendationengine.rag.retrieval.OnnxCrossEncoderScorer -- Cross-encoder query truncated: queryChars=5600, queryCharsKept=5600, queryTokens=700, queryTokensKept=127
VALIGN2 M=256 bs=64 qTok=700 n=40 runs=2 runSizes=[32, 8] maxDiff=0.0 bad=0
12:06:32.956 [main] INFO project.stockrecommendationengine.rag.retrieval.OnnxCrossEncoderScorer -- Cross-encoder query truncated: queryChars=5600, queryCharsKept=5600, queryTokens=700, queryTokensKept=126
VALIGN2 M=256 bs=64 qTok=700 n=64 runs=2 runSizes=[32, 32] maxDiff=0.0 bad=0
VALIGN2 summary checked=1056 bad(>1e-3)=0 maxDiff=2.384185791015625E-6
VALIGN2 done
       26.50 real       120.89 user         1.44 sys
          1070563328  maximum resident set size
                   0  average shared memory size
                   0  average unshared data size
                   0  average unshared stack size
               87587  page reclaims
                   6  page faults
                   0  swaps
                   0  block input operations
                   0  block output operations
                   0  messages sent
                   0  messages received
                   1  signals received
                  18  voluntary context switches
              263319  involuntary context switches
        911604588807  instructions retired
        423640381598  cycles elapsed
          1025263464  peak memory footprint
