WARNING: A restricted method in java.lang.System has been called
WARNING: java.lang.System::load has been called by com.sun.jna.Native in an unnamed module (file:/Users/jayzhou/.m2/repository/net/java/dev/jna/jna/5.17.0/jna-5.17.0.jar)
WARNING: Use --enable-native-access=ALL-UNNAMED to avoid a warning for callers in this module
WARNING: Restricted methods will be blocked in a future release unless native access is enabled

12:07:58.344 [main] INFO ai.djl.util.Platform -- Found matching platform from: jar:file:/Users/jayzhou/.m2/repository/ai/djl/huggingface/tokenizers/0.38.0/tokenizers-0.38.0.jar!/native/lib/tokenizers.properties
12:07:59.126 [main] INFO ai.djl.util.Platform -- Found matching platform from: jar:file:/Users/jayzhou/.m2/repository/ai/djl/huggingface/tokenizers/0.38.0/tokenizers-0.38.0.jar!/native/lib/tokenizers.properties
12:07:59.126 [main] INFO ai.djl.huggingface.tokenizers.jni.LibUtils -- Uses override RUST_FLAVOR: cpu
12:07:59.144 [main] INFO project.stockrecommendationengine.rag.retrieval.OnnxCrossEncoderScorer -- Cross-encoder loaded: model=models/cross-encoder-ms-marco-MiniLM-L-6-v2/model.onnx, maxLength=512, batchSize=20, inputs=[input_ids TensorInfo(javaType=INT64,onnxType=ONNX_TENSOR_ELEMENT_DATA_TYPE_INT64,shape=[-1, -1],dimNames=[batch_size,sequence_length]); attention_mask TensorInfo(javaType=INT64,onnxType=ONNX_TENSOR_ELEMENT_DATA_TYPE_INT64,shape=[-1, -1],dimNames=[batch_size,sequence_length]); token_type_ids TensorInfo(javaType=INT64,onnxType=ONNX_TENSOR_ELEMENT_DATA_TYPE_INT64,shape=[-1, -1],dimNames=[batch_size,sequence_length])], outputs=[logits TensorInfo(javaType=FLOAT,onnxType=ONNX_TENSOR_ELEMENT_DATA_TYPE_FLOAT,shape=[-1, 1],dimNames=[batch_size,""])]
VMEM call=0 first=3.5945063 ms=375
VMEM call=1 first=3.5945063 ms=341
VMEM done
        1.81 real         4.28 user         0.21 sys
           663060480  maximum resident set size
                   0  average shared memory size
                   0  average unshared data size
                   0  average unshared stack size
               47103  page reclaims
                   1  page faults
                   0  swaps
                   0  block input operations
                   0  block output operations
                   0  messages sent
                   0  messages received
                   2  signals received
                  14  voluntary context switches
                4989  involuntary context switches
         35804468793  instructions retired
         16339516563  cycles elapsed
           622413240  peak memory footprint
