CLAIMS_CHECK claimsFiles=3 documents=22 problems=10
[ERROR] Tests run: 1, Failures: 1, Errors: 0, Skipped: 0, Time elapsed: 0.553 s <<< FAILURE! -- in project.stockrecommendationengine.rag.evaluation.claims.DocumentationClaimsTests
[ERROR] project.stockrecommendationengine.rag.evaluation.claims.DocumentationClaimsTests.everyClaimsFileAndGeneratedBlockInTheRepositoryChecks -- Time elapsed: 0.543 s <<< FAILURE!
java.lang.AssertionError: 
Claims check failed: 10 problems (after an intended change regenerate blocks with -Dclaims.generate=true on DocumentationClaimsTests; format in RAG.md, Claims)
src/main/java/documentation/live-runs/2026-09-13-evaluation-evidence/measurement/claims.json C-274 [candidate] question nvda-02, chunk 802 in evidence-598.json: fusedPosition expected 41, found 12 (observed)
src/main/java/documentation/live-runs/2026-09-14-candidate-recall/claims.json C-502 [candidateRecall] k 20 in ../2026-09-13-evaluation-evidence/measurement/evidence-598.json: share expected 0.952381, found 0.976190 (41 of 42; not counted: nvda-04 (fused position 54))
src/main/java/documentation/live-runs/2026-09-14-candidate-recall/claims.json C-503 [candidateRecall] k 30 in ../2026-09-13-evaluation-evidence/measurement/evidence-598.json: share expected 0.952381, found 0.976190 (41 of 42; not counted: nvda-04 (fused position 54))
src/main/java/documentation/live-runs/2026-09-14-candidate-recall/claims.json C-504 [candidateRecall] k 40 in ../2026-09-13-evaluation-evidence/measurement/evidence-598.json: share expected 0.952381, found 0.976190 (41 of 42; not counted: nvda-04 (fused position 54))
src/main/java/documentation/live-runs/2026-09-14-candidate-recall/claims.json C-510 [bestFusedPosition] question nvda-02 in ../2026-09-13-evaluation-evidence/measurement/evidence-598.json: best fused position expected 41, found 12 (chunk 802)
src/main/java/documentation/RAG.md:701 block generated:live-runs/2026-09-13-evaluation-evidence/measurement/claims.json#windowed-recall (lines 699 to 712) differs from the generator's output: expected "                * In the evidence report of snapshot 598, chunk 802, which holds an accepted phrase of nvda-02, was at fused position 12 and was not a rerank input. (C-274, observed)", found "                * In the evidence report of snapshot 598, chunk 802, which holds an accepted phrase of nvda-02, was at fused position 41 and was not a rerank input. (C-274, observed)"
src/main/java/documentation/RAG.md:1034 block generated:live-runs/2026-09-14-candidate-recall/claims.json (lines 1032 to 1116) differs from the generator's output: expected "            * In the evidence report of snapshot 598, candidate recall@20 is 0.976190: 41 of 42 questions have a chunk holding an accepted phrase at fused position 20 or earlier. (C-502, derived)", found "            * In the evidence report of snapshot 598, candidate recall@20 is 0.952381: 40 of 42 questions have a chunk holding an accepted phrase at fused position 20 or earlier. (C-502, derived)"
src/main/java/documentation/RAG.md:1035 block generated:live-runs/2026-09-14-candidate-recall/claims.json (lines 1032 to 1116) differs from the generator's output: expected "            * In the evidence report of snapshot 598, candidate recall@30 is 0.976190: 41 of 42 questions have a chunk holding an accepted phrase at fused position 30 or earlier. (C-503, derived)", found "            * In the evidence report of snapshot 598, candidate recall@30 is 0.952381: 40 of 42 questions have a chunk holding an accepted phrase at fused position 30 or earlier. (C-503, derived)"
src/main/java/documentation/RAG.md:1036 block generated:live-runs/2026-09-14-candidate-recall/claims.json (lines 1032 to 1116) differs from the generator's output: expected "            * In the evidence report of snapshot 598, candidate recall@40 is 0.976190: 41 of 42 questions have a chunk holding an accepted phrase at fused position 40 or earlier. (C-504, derived)", found "            * In the evidence report of snapshot 598, candidate recall@40 is 0.952381: 40 of 42 questions have a chunk holding an accepted phrase at fused position 40 or earlier. (C-504, derived)"
src/main/java/documentation/RAG.md:1042 block generated:live-runs/2026-09-14-candidate-recall/claims.json (lines 1032 to 1116) differs from the generator's output: expected "            * In the evidence report of snapshot 598, the best fused position of a chunk holding an accepted phrase of nvda-02 is 12 (chunk 802). (C-510, derived)", found "            * In the evidence report of snapshot 598, the best fused position of a chunk holding an accepted phrase of nvda-02 is 41 (chunk 802). (C-510, derived)"
	at project.stockrecommendationengine.rag.evaluation.claims.DocumentationClaimsTests.everyClaimsFileAndGeneratedBlockInTheRepositoryChecks(DocumentationClaimsTests.java:28)

[ERROR] Failures: 
[ERROR]   DocumentationClaimsTests.everyClaimsFileAndGeneratedBlockInTheRepositoryChecks:28 Claims check failed: 10 problems (after an intended change regenerate blocks with -Dclaims.generate=true on DocumentationClaimsTests; format in RAG.md, Claims)
src/main/java/documentation/live-runs/2026-09-13-evaluation-evidence/measurement/claims.json C-274 [candidate] question nvda-02, chunk 802 in evidence-598.json: fusedPosition expected 41, found 12 (observed)
src/main/java/documentation/live-runs/2026-09-14-candidate-recall/claims.json C-502 [candidateRecall] k 20 in ../2026-09-13-evaluation-evidence/measurement/evidence-598.json: share expected 0.952381, found 0.976190 (41 of 42; not counted: nvda-04 (fused position 54))
src/main/java/documentation/live-runs/2026-09-14-candidate-recall/claims.json C-503 [candidateRecall] k 30 in ../2026-09-13-evaluation-evidence/measurement/evidence-598.json: share expected 0.952381, found 0.976190 (41 of 42; not counted: nvda-04 (fused position 54))
src/main/java/documentation/live-runs/2026-09-14-candidate-recall/claims.json C-504 [candidateRecall] k 40 in ../2026-09-13-evaluation-evidence/measurement/evidence-598.json: share expected 0.952381, found 0.976190 (41 of 42; not counted: nvda-04 (fused position 54))
src/main/java/documentation/live-runs/2026-09-14-candidate-recall/claims.json C-510 [bestFusedPosition] question nvda-02 in ../2026-09-13-evaluation-evidence/measurement/evidence-598.json: best fused position expected 41, found 12 (chunk 802)
src/main/java/documentation/RAG.md:701 block generated:live-runs/2026-09-13-evaluation-evidence/measurement/claims.json#windowed-recall (lines 699 to 712) differs from the generator's output: expected "                * In the evidence report of snapshot 598, chunk 802, which holds an accepted phrase of nvda-02, was at fused position 12 and was not a rerank input. (C-274, observed)", found "                * In the evidence report of snapshot 598, chunk 802, which holds an accepted phrase of nvda-02, was at fused position 41 and was not a rerank input. (C-274, observed)"
src/main/java/documentation/RAG.md:1034 block generated:live-runs/2026-09-14-candidate-recall/claims.json (lines 1032 to 1116) differs from the generator's output: expected "            * In the evidence report of snapshot 598, candidate recall@20 is 0.976190: 41 of 42 questions have a chunk holding an accepted phrase at fused position 20 or earlier. (C-502, derived)", found "            * In the evidence report of snapshot 598, candidate recall@20 is 0.952381: 40 of 42 questions have a chunk holding an accepted phrase at fused position 20 or earlier. (C-502, derived)"
src/main/java/documentation/RAG.md:1035 block generated:live-runs/2026-09-14-candidate-recall/claims.json (lines 1032 to 1116) differs from the generator's output: expected "            * In the evidence report of snapshot 598, candidate recall@30 is 0.976190: 41 of 42 questions have a chunk holding an accepted phrase at fused position 30 or earlier. (C-503, derived)", found "            * In the evidence report of snapshot 598, candidate recall@30 is 0.952381: 40 of 42 questions have a chunk holding an accepted phrase at fused position 30 or earlier. (C-503, derived)"
src/main/java/documentation/RAG.md:1036 block generated:live-runs/2026-09-14-candidate-recall/claims.json (lines 1032 to 1116) differs from the generator's output: expected "            * In the evidence report of snapshot 598, candidate recall@40 is 0.976190: 41 of 42 questions have a chunk holding an accepted phrase at fused position 40 or earlier. (C-504, derived)", found "            * In the evidence report of snapshot 598, candidate recall@40 is 0.952381: 40 of 42 questions have a chunk holding an accepted phrase at fused position 40 or earlier. (C-504, derived)"
src/main/java/documentation/RAG.md:1042 block generated:live-runs/2026-09-14-candidate-recall/claims.json (lines 1032 to 1116) differs from the generator's output: expected "            * In the evidence report of snapshot 598, the best fused position of a chunk holding an accepted phrase of nvda-02 is 12 (chunk 802). (C-510, derived)", found "            * In the evidence report of snapshot 598, the best fused position of a chunk holding an accepted phrase of nvda-02 is 41 (chunk 802). (C-510, derived)"
[ERROR] Tests run: 1, Failures: 1, Errors: 0, Skipped: 0
[ERROR] Failed to execute goal org.apache.maven.plugins:maven-surefire-plugin:3.5.6:test (default-test) on project StockRecommendationEngine: There are test failures.
[ERROR] 
[ERROR] See /Users/jayzhou/Documents/GitHub/java-projects/StockRecommendationEngine/target/surefire-reports for the individual test results.
[ERROR] See dump files (if any exist) [date].dump, [date]-jvmRun[N].dump and [date].dumpstream.
[ERROR] -> [Help 1]
[ERROR] 
[ERROR] To see the full stack trace of the errors, re-run Maven with the -e switch.
[ERROR] Re-run Maven using the -X switch to enable full debug logging.
[ERROR] 
[ERROR] For more information about the errors and possible solutions, please read the following articles:
[ERROR] [Help 1] http://cwiki.apache.org/confluence/display/MAVEN/MojoFailureException
