Reranker measurement with windowed scoring (Follow_Ups RAG-1 continuation; plans/2026-09-13-reranker-windows.md Milestone 2 with Amendment 1;
plans/2026-09-13-reranker.md Milestone 3 rule and Amendment 2 in force), 2026-09-13
Branch reranker from d08b8e0 (windowed scoring commit a791a8d plus plan amendment 1). No code change under test; set v2 (evaluation/retrieval-set-v2.json,
42 questions), window 10, hybrid on, k 60, weights vector 1.0 / keyword 0.5 / figure 1.0, candidateCount 40. Cross-encoder cross-encoder/ms-marco-MiniLM-L-6-v2,
rerankerVersion 5d3e70fd0c9f, passage-scoring max-window (default), max-windows 4 (default), window-overlap-tokens 64 (default) or 224 (run 5).

Harness (one application start per configuration; the application enable flags never exported; every override is an environment variable of the run shell only):
  set -a && source .env && set +a && export INTEGRATION_ACCESS_TOKEN=<32+ chars> SERVER_PORT=8081 RAG_CROSS_ENCODER_ENABLED=true [RAG_RETRIEVAL_RERANK_CANDIDATES=<n>]
      [RAG_RETRIEVAL_RERANK_TIMEOUT_MS=4000] [RAG_RETRIEVAL_CROSS_ENCODER_WINDOW_OVERLAP_TOKENS=224]
  nohup ./mvnw -q -o spring-boot:run > app-<config>.log 2>&1 &   ; wait for "Started StockRecommendationEngineApplication"; the "Cross-encoder loaded ... scoring=" line
      confirms the overlap in effect (max-window/overlap=64/maxWindows=4, or max-window/overlap=224/maxWindows=4 in run 5)
  warm-up: POST /api/rag/retrieve {"ticker":"NVDA","query":"What was NVIDIA gross margin in fiscal 2026?","rerank":true}   (topK 5; Amendment 2, so no evaluation call is a cold start)
  POST /api/rag/evaluate?rerank=<true|false> with Authorization: Bearer <token>   (properties.rerankCandidates and properties.rerankerScoring confirm the overrides)
  select row_to_json(r) from retrieval_evaluations r where id=<id>   -> snapshot-<id>-<config>.json
  pkill -f spring-boot:run; pkill -f StockRecommendationEngineApplication; lsof -i :8081 empty ("port free") after every run
  No chat model. Embeddings: 42 per evaluation (5 runs) + 1 per warm-up (5) + 1 diagnostic warm-up + 9 diagnostic retrievals + 42 for the floor test = 267.

Rows before: 26 stored, max id 250 (sequence last_value 294; the rolled-back floor tests advance it). After the five runs: 31 stored, max id 299.
Evaluation runs used: 5, the grid of the plan with Amendment 1 (a, b, c, d, e); no rerun was needed.

Run 1 (a) REFERENCE   start 13:46:59 SGT  overrides: RAG_CROSS_ENCODER_ENABLED=true (rerank-candidates default 20, unused)
  warm-up HTTP 200 in 2.61 s, strategy HYBRID_RRF_RERANKED, 5 chunks; warm-up scoring call 1246 ms (candidates=20, windows=44, topK=5)
  evaluate?rerank=false HTTP 200 in 16.7 s -> snapshot 295
  properties: rerank=false rerankCandidates=20 reranker=CrossEncoderReranker rerankerVersion=5d3e70fd0c9f rerankerScoring=max-window/overlap=64/maxWindows=4
              rerankedQuestions=0 rerankFallbackQuestions=0; retrievalStrategy HYBRID_RRF on every question
  scoring calls during the evaluation: 0 (reranking not requested)
  Reproduction check against snapshot 247 (which reproduced 91): rank, matched chunk, and position of every question equal (0 differences, rule-table.txt REPRODUCTION);
  hit@1/3/5, MRR, tickerHitAt5, and slices equal.   -> reproduces 247 and 91; no drift.

Run 2 (b) RERANK 10   start 13:47:30 SGT  overrides: RAG_CROSS_ENCODER_ENABLED=true RAG_RETRIEVAL_RERANK_CANDIDATES=10
  warm-up HTTP 200 in 1.72 s, HYBRID_RRF_RERANKED; warm-up scoring call 676 ms (candidates=10, windows=22, topK=5)
  evaluate?rerank=true HTTP 200 in 38.4 s -> snapshot 296
  properties: rerank=true rerankCandidates=10 (override took effect) rerankerScoring=max-window/overlap=64/maxWindows=4 rerankedQuestions=42 rerankFallbackQuestions=0
  scoring: 42 calls, all candidates=10 topK=10; elapsedMs median 539.5, max 623, min 435; windows per call 16 to 24 (median 21)

Run 3 (c) RERANK 20   start 13:48:23 SGT  overrides: RAG_CROSS_ENCODER_ENABLED=true RAG_RETRIEVAL_RERANK_CANDIDATES=20
  warm-up HTTP 200 in 3.60 s, HYBRID_RRF_RERANKED; warm-up scoring call 1211 ms (candidates=20, windows=44, topK=5)
  evaluate?rerank=true HTTP 200 in 61.5 s -> snapshot 297
  properties: rerank=true rerankCandidates=20 rerankerScoring=max-window/overlap=64/maxWindows=4 rerankedQuestions=42 rerankFallbackQuestions=0
  scoring: 42 calls, all candidates=20 topK=10; elapsedMs median 1122, max 1228, min 899; windows per call 35 to 48 (median 43)

Run 4 (d) RERANK 40, timeout 4000   start 13:49:40 SGT  overrides: RAG_CROSS_ENCODER_ENABLED=true RAG_RETRIEVAL_RERANK_CANDIDATES=40 RAG_RETRIEVAL_RERANK_TIMEOUT_MS=4000
  (Amendment 1: run with rag.retrieval.rerank-timeout-ms 4,000 from the start, because Milestone 1 measured 40 chunks of 1,009 tokens at about 3.1 s)
  warm-up HTTP 200 in 3.70 s, HYBRID_RRF_RERANKED; warm-up scoring call 2403 ms (candidates=40, windows=88, topK=5)
  evaluate?rerank=true HTTP 200 in 103.7 s -> snapshot 298
  properties: rerank=true rerankCandidates=40 rerankerScoring=max-window/overlap=64/maxWindows=4 rerankedQuestions=42 rerankFallbackQuestions=0
  scoring: 42 calls, all candidates=40 topK=10; elapsedMs median 2139, max 2347, min 1737; windows per call 67 to 91 (median 83.5)
  27 of the 42 evaluation calls took longer than the default 2,000 ms timeout (15 at or below 1,903 ms, 27 from 2,038 ms up), and so did the warm-up call
  (2,403 ms, topK 5), so this row exists only because of the override; at the default timeout the evaluation would have reported about 27 fallbacks and been invalid.

Run 5 (e) RERANK 20, overlap 224   start 13:51:39 SGT  overrides: RAG_CROSS_ENCODER_ENABLED=true RAG_RETRIEVAL_RERANK_CANDIDATES=20 RAG_RETRIEVAL_CROSS_ENCODER_WINDOW_OVERLAP_TOKENS=224
  (Amendment 1: the position-sensitivity row; stride about 250 tokens, so every token sits within about 250 tokens of a window start)
  startup log: scoring=max-window/overlap=224/maxWindows=4
  warm-up HTTP 200 in 3.63 s, HYBRID_RRF_RERANKED; warm-up scoring call 1464 ms (candidates=20, windows=52, topK=5)
  evaluate?rerank=true HTTP 200 in 68.3 s -> snapshot 299
  properties: rerank=true rerankCandidates=20 rerankerScoring=max-window/overlap=224/maxWindows=4 rerankedQuestions=42 rerankFallbackQuestions=0
  scoring: 42 calls, all candidates=20 topK=10; elapsedMs median 1323, max 1612, min 915; windows per call 35 to 63 (median 51); about 1.18 times run 3's median
  (the plan's estimate was about 1.5 times)

No run reported a fallback, so no rerun was needed and every rerank row is valid. Each app log held only the four JVM "restricted method" (JNA System::load) WARNING
lines; no reranker WARN, no fallback, no query-truncation line. Every per-call scoring line is in latency-295.txt to latency-299.txt (grep-extracted verbatim, with the
start line and the "Retrieval evaluation stored: id=<snapshot>" line); the medians, maxima, minima and window counts above were recomputed from those files and match.

Metrics, the rule row by row, every question's rank in all nine rows (295 to 299 and the prior head-scored 247 to 250), the top-5 balance per slice and ticker, and the
scoring times: rule-table.txt (computed by a script from the JSON files and asserted equal to the stored hit@1/3/5, MRR, slice hit@5 and MRR, and tickerHitAt5 of each row).

Summary (new rows; the prior head-scored rows 247 to 250 for comparison)
  id   cand  scoring        hit@1    hit@3    hit@5    MRR       AAPL@5   MSFT@5   NVDA@5   nonFigure@5    figure top5  FIGURE-kind top5  reranked/fallback  scoring ms median/max  windows/call median
  295  off   -              0.547619 0.714286 0.785714 0.655187  0.928571 0.785714 0.642857 0.700000 21/30  12/12        22                0/0                -                      -
  296  10    max-window/64  0.500000 0.714286 0.761905 0.625198  0.928571 0.785714 0.571429 0.666667 20/30  12/12        21                42/0               539.5/623              21
  297  20    max-window/64  0.500000 0.761905 0.785714 0.633135  0.928571 0.857143 0.571429 0.700000 21/30  12/12        22                42/0               1122/1228              43
  298  40    max-window/64  0.523810 0.785714 0.809524 0.656614  0.928571 0.928571 0.571429 0.733333 22/30  12/12        23                42/0               2139/2347 (timeout 4000) 83.5
  299  20    max-window/224 0.476190 0.785714 0.809524 0.635516  0.928571 0.857143 0.642857 0.733333 22/30  12/12        23                42/0               1323/1612              51
  247  off   head           0.547619 0.714286 0.785714 0.655187  0.928571 0.785714 0.642857 0.700000 21/30  12/12        22                0/0                -                      -
  248  10    head           0.500000 0.690476 0.761905 0.616988  1.000000 0.857143 0.428571 0.733333 22/30  10/12        20                42/0               258.5/425              (10 rows)
  249  20    head           0.500000 0.690476 0.738095 0.607341  1.000000 0.785714 0.428571 0.733333 22/30   9/12        20                42/0               519.5/629              (20 rows)
  250  40    head           0.523810 0.714286 0.761905 0.630584  1.000000 0.857143 0.428571 0.766667 23/30   9/12        21                42/0               981/1103               (40 rows)

Rule (applied to 296, 297, 298, 299, each against 295): qualifies only if (1) aggregate hit@5 does not decrease, (2) nonFigure hit@5 does not decrease, (3) no ticker's
hit@5 decreases, (4) no kind-FIGURE question in the top 5 under 295 (22 questions) leaves the top 5; among qualifying rows the highest MRR, then fewer candidates.
  296: FAILS (1) 32/42 < 33/42; (2) 20/30 < 21/30; (3) NVDA 8/14 < 9/14 (AAPL 13/14, MSFT 11/14 equal); (4) msft-04 4->8, nvda-01 3->8
  297: FAILS (1) passes 33/42; (2) passes 21/30; (3) NVDA 8/14 < 9/14 (AAPL 13/14 equal, MSFT 12/14 up); (4) msft-04 4->miss, nvda-01 3->miss
  298: FAILS (1) passes 34/42; (2) passes 22/30; (3) NVDA 8/14 < 9/14 (AAPL 13/14 equal, MSFT 13/14 up); (4) nvda-01 3->miss
  299: FAILS (1) passes 34/42; (2) passes 22/30; (3) passes (AAPL 13/14, MSFT 12/14, NVDA 9/14); (4) msft-04 4->miss, nvda-01 3->miss
Outcome: no row qualifies. Reranking is not recommended for set v2 with this model, windowed or not. Defaults unchanged: reranking-enabled false, cross-encoder.enabled
false, rerank-candidates 20, passage-scoring max-window, window-overlap-tokens 64, max-windows 4. Floors not re-derived (no row qualified).
Against the head rows: windowing repaired the figure slice (12/12 in every windowed row, against 10/12, 9/12, 9/12), removed nvda-11, nvda-14 and msft-12 from the
criterion-4 failures, cut the NVDA top-5 loss by two thirds (one question, 8/14, against three, 6/14; none at overlap 224), and at 40 candidates or overlap 224 raised
aggregate hit@5 above the reference (34/42) with a higher hit@3 (0.785714 against 0.714286); it left nvda-01 outside the top 5 in every row and msft-04 in every row
but 298 (both kind FIGURE, nonFigure slice), and
lowered hit@1 (23/42 to 21, 21, 22, 20). Every windowed row has 2.1 to 2.5 times the head row's median scoring time (windows per call 21, 43, 83.5, 51 against 10, 20, 40, 20 rows).

Top-5 membership against 295, per row (recomputed from the JSON files):
  296: gained msft-01, msft-07; lost msft-04, msft-05, nvda-01.        nonFigure +2 -3 = 20/30; figure 12/12; AAPL 13, MSFT 11, NVDA 8; aggregate 32
  297: gained msft-01, msft-07, msft-08; lost msft-04, msft-05, nvda-01. nonFigure +3 -3 = 21/30; figure 12/12; AAPL 13, MSFT 12, NVDA 8; aggregate 33
  298: gained msft-01, msft-07, msft-08; lost msft-05, nvda-01.          nonFigure +3 -2 = 22/30; figure 12/12; AAPL 13, MSFT 13, NVDA 8; aggregate 34
  299: gained msft-01, msft-07, msft-08, nvda-09; lost msft-04, msft-05, nvda-01. nonFigure +4 -3 = 22/30; figure 12/12; AAPL 13, MSFT 12, NVDA 9; aggregate 34
  No figure-slice question left the top 5 in any windowed row (nvda-11 1->5 in every row is the closest; nvda-14 1->1, 1, 1, 2; msft-12 2->2 in every row).

Each loss or gain on a question named in the plan's Why section, against the truncation probe (truncation-probe-512.txt: chunk tokens, head-kept tokens W, the
expected phrase's token offset, whether the head cut saw it, the head logit, and the logit of the chunk's text from 200 characters before the phrase,
CrossEncoderTruncationProbe.java.txt line 53, which puts the phrase some tens of tokens into that window: 39 for msft-04, 54 for nvda-11, 59 for nvda-01, counted
with the real tokenizer during the documentation correction; not a production window) and the window
positions windowed scoring actually used (CrossEncoderPairAssembler.windowStarts: starts at 0, advance by W - overlap while a window does not reach the last token,
final window at length - W; W = 509 - question tokens for these questions). The Milestone 1 position sweep (live-test-windows.log, positionSweep) logged the same
answering sentence at +10.29 at a window's start, +5.91 at token 141, +2.56 at 164, -11.09 at 213, -7.10 at 257, +2.57 at 340, +3.45 at 419, +3.06 at 484 (max-window).
  nvda-11 (FIGURE, figure slice; chunk 805, 854 tokens, W 477, answer at 596: not seen by the head cut; head 2.62, answer window 5.26). Head rows 7, 10, 10; windowed
    rows 5, 5, 5, 5 (reference 1). Recovered into the top 5, not to the top. Overlap 64 gives windows at 0 and 377 (854 - 477), so the answer sits 219 tokens into the
    second window, the sweep's trough (-11.09 at 213); overlap 224 gives 0, 253, 377, the answer 343 into the second window (+2.57 at 340 in the sweep) and 219 into the
    third, and the rank is still 5, behind chunks 852, 881, 873 and 851 (diagnostic order at the defaults, diagnostic-defaults.txt). Consistent with position
    sensitivity; the sweep is synthetic filler and the logits of chunk 805's windows for this question were not measured.
  nvda-14 (FIGURE, figure slice; chunk 872, 996 tokens, W 477, answer at 820: not seen; head -0.26, answer window 4.78). Head rows 7, miss, miss; windowed rows
    1, 1, 1, 2 (reference 1). Fully recovered: overlap 64 windows at 0, 413, 519 put the answer 407 into the second window and 301 into the third; overlap 224
    (0, 253, 506, 519) 314 into the third and 301 into the fourth, rank 2 behind chunk 873.
  msft-12 (FIGURE, figure slice; chunk 519, 605 tokens, W 490, answer at 544: not seen; head -1.84, answer window 5.14). Head rows 5, 6, 6; windowed rows 2 in all
    four (reference 2). Recovered. The chunk is 115 tokens longer than W, so both overlaps give the same windows (0 and 115) and the answer sits 429 into the second.
  nvda-01 (FIGURE, nonFigure slice; chunk 805, 854 tokens, W 489, answer at 485: the head cut kept only its first four tokens; head -1.75, answer window 5.03; in
    the probe's head ranking of all 162 NVDA chunks 805 was 30th, with 852 at 5.75 and 873 at 5.62). Head rows 9, miss, miss; windowed rows 8, miss, miss, miss
    (reference 3). Not recovered, and not a truncation loss: overlap 64 windows at 0 and 365 put the answer about 120 tokens into the second window, inside a scored
    window. The probe's 5.03 did not measure that window: it scored the text from 200 characters before the phrase, the phrase 59 tokens in, and the sweep changes
    between those depths (+9.42 at 54, +8.09 at 98, +5.91 at 141), so 5.03 does not bound the production window's logit, which was not measured. Chunk 805 is the
    third fused candidate, so every row scores it; it ranks 8 at 10 candidates and outside the reranked top 10 at 20 and 40. The reranked order at the defaults is
    852, 873, 864, 851, 842, 881, 872, 857, 800, 863 (diagnostic-defaults.txt), so the answering table row scores below those chunks in its best window: inferred
    from the ranks, not measured. Overlap 224 (windows 0, 265, 365; the answer 220 and 120 tokens in) leaves it a miss too. One of the two
    questions that fail criterion 4 in every windowed row but 298 (298: nvda-01 alone).
  msft-04 (FIGURE, nonFigure slice; chunk 466, 693 tokens, W 480, answer at 606: not seen; head -10.68, answer window 0.20; the probe's head ranking of all 263
    MSFT chunks put 467 first at 3.04 and 466 150th). Head rows 10, miss, 1 (chunk 467); windowed rows 8, miss, 1 (chunk 467), miss (reference 4, chunk 466).
    The chunk is 213 tokens longer than W and both strides (416, 256) overshoot its end, so both overlaps give the same windows (0 and 213), the answer 393 tokens into
    the second, whose logit was not measured (the probe's text from 200 characters before the phrase, 39 tokens in, scored 0.20, below chunk 467's 3.04). Chunk 467
    (1,564 characters; 391 is the stored characters / 4 token_count, 282 WordPiece tokens with the real tokenizer, so one window at W 480; the following chunk of the
    same section, holding the same sentence from character 96 in the database) is not among the first 20 fused candidates (inferred from the ranks: first of 40 in
    298, it would rank first in any row whose candidates included it) and enters only at 40 candidates, where the reranker puts it first (rows 250 and 298):
    truncation plus the short-chunk edge the plan names. At 20 candidates the reranked order at the defaults is 514, 516, 573, 637, 635, 642, 518, 645, 512, 641
    (diagnostic-defaults.txt), chunks 466 and 467 absent; at 10 candidates (296) chunk 466 ranks 8. The other question failing criterion 4 in rows 296, 297 and 299.
  msft-10 (chunk 637, 737 tokens, W 495, answer at 620: not seen; head -9.52, answer window 9.88): rank 1 in every row; the head rows matched the alternative chunk
    635, the windowed rows match 637 itself (the answer 378 tokens into the second window). A gain in the matched chunk, not in rank.
  msft-13 (chunk 523, 734 tokens, W 483, answer at 630: not seen; head -1.66, answer window 7.73): rank 1 in every row through the alternative chunk 524 under every
    rerank row, head and windowed. No change.
  aapl-05 (chunk 190, 808 tokens, W 500, answer at 655: not seen; head -6.63, answer window 5.06): rank 1 (chunk 190) in the reference, 2 (the alternative chunk 246)
    in every rerank row, head and windowed alike. Windowing (answer 347 tokens into the second window at overlap 64; 379 and 347 at overlap 224) did not lift chunk 190
    above 246. Still in the top 5.
  nvda-02, nvda-04: no match in every row, as before (the answering chunks are not among the reranker's candidates; see the 2026-09-13 nvda-02 retrieval check).
  nvda-09: no match in eight rows, rank 2 (chunk 879) in 299 only. Chunk 879 is not in the probe (no match in 247 and 250), so its token positions were not measured;
    the phrase begins at character 3,150 of its 3,827, in the last quarter of the chunk. It is among the first 20 fused candidates (299 reranked it to 2 from 20
    candidates) and stays a miss at 20 and 40 candidates under overlap 64 (297, 298) and under head (249, 250), so the 224 overlap's extra window, whose start is
    nearer the phrase, is what lifted it: consistent with position sensitivity, one question, not probed with the tokenizer.
  nvda-07: no match -> 8, 9, 8 (chunk 770) at 20 candidates and above (head 6, 7); still outside the top 5. msft-08: no match -> 2 (chunk 547) at 20 and 40 candidates,
    as under head; still no match at 10. nvda-05: 10 -> no match at 20 candidates and above, as under head.
Other movements (every windowed row unless stated): msft-05 2 -> 6, 10, 10, 10 (chunk 460, an alternative; head 5, 8, 8; the probe saw its answer at token 121 of
  chunk 571 and ranked 571 13th of 263 MSFT chunks under head, so the segment question is answered by many chunks; the probe's rescoring from 200 characters before
  the phrase gave 2.90, below the head logits of 1064 (6.65) and 640 (3.82), and that is not a production window: a model preference, not truncation); aapl-09 8 -> 8, miss, miss, 10 (head 4, 5, 5: the head rows had it in the top 5, windowed rows do not; chunk 280, answer
  at 509 of 818, W 490, the answer 181 tokens into the second window at overlap 64, near the sweep's trough); aapl-02 1 -> 3 (chunk 226, an alternative); msft-11
  1 -> 3; msft-14 1 -> 2; nvda-10 1 -> 2; nvda-13 1 -> 1 (chunk 879); nvda-08 5 -> 1; nvda-12 5 -> 2; msft-01 6 -> 2; msft-07 7 -> 4, 2, 2, 2; msft-03, aapl-03,
  aapl-06 2 -> 1; nvda-03 1 -> 1 (chunk 850). The other 13 questions (42 less the 29 named in this section) keep rank and chunk in every row.

Diagnostic (one extra start, no evaluation; RAG_CROSS_ENCODER_ENABLED=true, defaults: rerank-candidates 20, overlap 64), 13:55 SGT, diagnostic-defaults.txt:
  body {"ticker":<t>,"query":<question text>,"topK":10,"latestFilingsOnly":true,"rerank":<v>}, warm-up first
  nvda-11  rerank false HYBRID_RRF          [805, 851, 881, 872, 806, 852, 880, 800, 873, 850]   chunk 805 rank 1
           rerank true  HYBRID_RRF_RERANKED [852, 881, 873, 851, 805, 872, 880, 850, 871, 800]   chunk 805 rank 5 (identical on a second call)
  nvda-14  rerank false HYBRID_RRF          [872, 873, 879, 880, 881, 851, 806, 852, 805, 863]   chunk 872 rank 1
           rerank true  HYBRID_RRF_RERANKED [872, 873, 864, 852, 851, 863, 881, 871, 842, 800]   chunk 872 rank 1
  nvda-01  rerank false HYBRID_RRF          [806, 852, 805, 881, 851, 873, 872, 800, 839, 863]   chunk 805 rank 3
           rerank true  HYBRID_RRF_RERANKED [852, 873, 864, 851, 842, 881, 872, 857, 800, 863]   chunk 805 absent
  msft-04  rerank false HYBRID_RRF          [514, 573, 518, 466, 643, 645, 635, 637, 516, 460]   chunk 466 rank 4
           rerank true  HYBRID_RRF_RERANKED [514, 516, 573, 637, 635, 642, 518, 645, 512, 641]   chunk 466 absent, chunk 467 absent
  These match snapshot 297 (the defaults row) question by question, and are the ranks the UT flow should see for chunks 805 and 872.

What enabling would take (recorded, not done; Amendment 2: no default flip, the model files are gitignored). No row qualifies, so there is no recommendation. The row
nearest the rule is 299: it passes criteria 1 to 3 and fails 4 on msft-04 and nvda-01 alone; its properties would be rag.retrieval.cross-encoder.enabled=true
(RAG_CROSS_ENCODER_ENABLED=true), rag.retrieval.reranking-enabled=true, rag.retrieval.cross-encoder.window-overlap-tokens=224, rerank-candidates 20 (default), and it
would cost 1.3 s per retrieval at 20 candidates (max 1,612 ms, under the 2,000 ms timeout by about 0.4 s, measured on sequential calls from one evaluation client
only; the rerank executor runs two scoring calls at once and the recommendation flow runs specialists in parallel, so the margin under concurrent retrievals is
unmeasured). Its top-5 changes against 295: msft-01, msft-07, msft-08, nvda-09 in; msft-04, msft-05, nvda-01 out. The best-MRR row 298 (40 candidates) needs
rerank-timeout-ms 4000 (27 of 42 evaluation calls and the warm-up call over 2,000 ms) and 2.1 s per retrieval, and fails NVDA (8/14) as well as criterion 4 (nvda-01).

Floor test (final configuration: defaults unchanged, reranking off), shell with env | grep -c ^RAG_ -> 0 and no application enable flags:
  set -a && source .env && set +a && ./mvnw -q -o test -Dtest=RetrievalEvaluationLiveTests -Drag.evaluation.live=true  -> exit 0 (live-test.log)
  hitAt5=0.785714 floor=0.65; notInTop5 aggregate hits=33/42 minHits=28 margin=5; slice=nonFigure hits=21/30 minHits=18 margin=3; strategy HYBRID_RRF, reranker=null
  rows 31|299 before and after (rolled back).

Corrections, 2026-09-13, after Milestone 2 Scrutiny (documentation only; no new run, snapshot, or evaluation; each figure rechecked with a script against the
snapshots, latency-298.txt, the truncation probe and its source, the database, and token counts from the real tokenizer and models/ tokenizer.json):
  - Run 4 and What enabling would take: 27 of the 42 evaluation calls were over 2,000 ms, not 28; the 28th such call was the topK=5 warm-up (2,403 ms).
    The 3aeaa87 commit message also says 28.
  - Other movements: 13 other questions, not 14 (29 questions are named above; the 25 whose rank or chunk changes are among them).
  - Against the head rows: the NVDA loss falls by two thirds (three questions to one), it does not halve; nvda-01 is out of the top 5 in 298 as well.
  - nvda-01: the probe's 5.03 scored the text from 200 characters before the phrase (the phrase 59 tokens in), not the production second window (about 120
    tokens in); the loss within the best window is inferred from the ranks. Same wording fix for msft-05's 2.90 and msft-04's 0.20.
  - msft-04: chunk 467 is 282 WordPiece tokens (391 is the stored characters / 4 estimate); the sentence starts at character 96, not 123; at 10 candidates
    chunk 466 ranks 8 (296), so "absent at 10 and 20 candidates" was wrong.
  - The probe description: the rescored text starts 200 characters before the phrase, not "about 50 tokens ahead" in general.
