Chunk size and candidate pool, Milestone 1 of plan plans/2026-09-17-chunk-size-pool.md (Follow_Ups RAG-27, RAG-30), 2026-09-17 (times +08, UTC offset +08:00)
Worktree /Users/jayzhou/Documents/GitHub/java-projects-chunk-size/StockRecommendationEngine, branch chunk-size at b18fb28 (the bounds commit) when the runs started.
Development Mac, CPU. App port 8081, INTEGRATION_ACCESS_TOKEN a 42-character hex token (openssl rand -hex 21, not recorded), RAG_CROSS_ENCODER_ENABLED=true for every
application start. No chat model and no /api/recommendations call. Embedding calls: 42 per evaluate call plus 1 per warm-up, and 1 per chunk rebuilt.
Labels: observed = a command output, a log line, or a file value quoted here; derived = computed (computation named). This log states no cause for a rank, a time, or a size.
This log is written as the work goes (run_eval.sh and rebuild_all.sh append their own lines). Application logs stay in the session scratch directory; the evaluation windows
relied on for latency are committed as app-log-<id>.txt and the rebuild phases as rebuild-log-<store>.txt.
rerank-timeout-ms is not recorded in snapshots: it is the RAG_RETRIEVAL_RERANK_TIMEOUT_MS of each start line below, or the application.yaml default 2000 when the line carries none.

Environment
  E1. 16:31:38 lsof -nP -iTCP:8081 -sTCP:LISTEN -> 0 listeners; spring-boot:run, surefire, or application processes: 0; docker: trading-postgres Up 18 minutes (healthy) (observed).
  E2. grep -cE of RAG_* and the enable flags over .env -> 0 (observed).
  E3. Database before anything: retrieval_evaluations 56|1615 (rows|max id); filing_rebuild_runs 32 rows; sec_filings 13|13|sections-v2-context-v2-chunk4000-500 (rows|EMBEDDED|versions); sec_filing_chunks 569|11406|11974|4000 (rows|min id|max id|max length) (observed: psql select statements).
  E4. Bounds commit b18fb28 built before any run: ./mvnw -q -o verify at 16:29:16 to 16:29:33 -> exit 1; 71 test classes, 640 tests, 2 failures, 0 errors, 37 skipped (derived: surefire XML sums); the two failures are RetrievalEvaluationSetTests.everyExpectedPassageOfTheSelectedSetIsAVerbatimExcerptOfAStoredChunk and everyExpectedPassageOfSetV1IsAVerbatimExcerptOfAStoredChunk (aapl-08, RAG-29), the known state (observed).
  E5. G1, refusal at startup: 16:32:10 application started with RAG_RETRIEVAL_CANDIDATE_COUNT=401 (RAG_CROSS_ENCODER_ENABLED=true SERVER_PORT=8081): "APPLICATION FAILED TO START", "Binding to target ...FilingRetrievalProperties failed: Property: rag.retrieval.candidateCount Value: 401 Origin: System Environment Property RAG_RETRIEVAL_CANDIDATE_COUNT Reason: must be less than or equal to 400", Maven exit 1, 0 listeners on 8081 afterwards (observed: startup-401.txt, lines 58 to 68 of that start's log). That 250 binds is observed from the properties of the pool-250 snapshots below and from FilingRetrievalPropertiesBoundsTests.

Store A (4,000 / 500) before anything
  A0.1. 16:32:31 storage.sql with -v point=A -> storage-A.json: chunks 569, contentChars 1486993, meanChunkChars 2613.3, maxChunkChars 4000, tokenCountSum 371954, totalRelationBytes 23216128, heapBytes 3416064, toastBytes 17588224, indexesBytes 2211840, deadTuples 60, lastAutovacuum 2026-09-17T06:24:58.280271+00:00, storeVersions ['sections-v2-context-v2-chunk4000-500'] (observed: the file).
  A0.2. 16:32:31 chunks.sql -> chunks-A.json: 569 objects, ids 11406 to 11974 (observed). 16:32:31 filings.sql -> filings-A.json: 13 rows, versions ['sections-v2-context-v2-chunk4000-500'], statuses ['EMBEDDED'] (observed).
  A0.3. 16:32:31 rebuild-runs.sql -> filing-rebuild-runs-A.json: 32 rows (observed).
  A0.4. chunks-A.json equals the previous plan's chunks-S2.json as parsed JSON: True (derived: python ==); the store has the chunks the rollback of 12:17 left.
  A0.5. 16:32:47 chunk-hashes.sql -> chunk-hashes-A.json: 569 objects (id, filing, chunk index, section key, length, md5 of content) (observed).

Store A runs (one session; each run is one application start; run_eval.sh writes the lines)
Run a-pool-40-rerank-off (rerank=false)
  16:32:47 start: env SERVER_PORT=8081 INTEGRATION_ACCESS_TOKEN=<not recorded> RAG_CROSS_ENCODER_ENABLED=true  ./mvnw -q -o spring-boot:run > app-a-pool-40-rerank-off-163247.log (observed: this command line; overrides given: none, the application.yaml defaults apply)
  16:32:52 Started StockRecommendationEngineApplication in 3.081 seconds; Cross-encoder loaded: model=/Users/jayzhou/Documents/GitHub/java-projects-chunk-size/StockRecommendationEngine/models/cross-encoder-ms-marco-MiniLM-L-6-v2/model.onnx, maxLength=512, batchSize=20, scor
  16:32:56 warm-up POST /api/rag/retrieve (NVDA, rerank false): HTTP and seconds 200 3.962460; 
  16:32:56 POST /api/rag/evaluate?rerank=false&trace=true, loadavg before { 2.56 2.53 3.82 } after { 2.67 2.55 3.80 }; HTTP, seconds, bytes: 200 16.630468 380319 -> snapshot 1777
  Retrieval evaluation stored: id=1777, hitAt1=0.523810, hitAt3=0.690476, hitAt5=0.761905, mrr=0.631378, misses=6, rerankedQuestions=0, rerankFallbackQuestions=0
  16:33:13 GET /api/rag/evaluate/1777: HTTP and bytes 200 380319; GET .../evidence: HTTP and bytes 200 566141; compact evidence-1777.pretty.json -> evidence-1777.json bytes 566141 -> 397549 parses_equal_numbers_as_written=True; row export snapshot-1777-a-pool-40-rerank-off.json 250423 bytes (select row_to_json(r) from retrieval_evaluations r where id=1777); GET equals POST response: True; GET questions (id, rank, matchedChunkId) equal the row export: True; properties equal: True
  properties: candidateCount 40, keywordCandidateCount 40, rerank False, rerankCandidates 20, rerankedQuestions 0, rerankFallbackQuestions 0, chunkMaxChars 4000, chunkOverlapChars 500, storeVersions ['sections-v2-context-v2-chunk4000-500']
  window lines=476 retrievalCompleted=42 rerankingCompleted=0 queryEmbeddings=42 rerankFailed=0 -> app-log-1777.txt
  latency src/main/java/documentation/live-runs/2026-09-17-chunk-size-pool/latency-1777.json questions 42 retrievalMs {'count': 42, 'median': 372.5, 'p95': 540, 'max': 658, 'min': 318, 'sum': 16515} rerankMs None fallbacks 0
  app log: 1 Evaluating retrieval, 43 Query embedding completed, 0 Reranking failed, 0 WARN or ERROR lines
  16:33:16 stopped; listeners on 8081: 0; processes: 0
  G2 (stop condition checked; reproduction-1777.txt written 16:34:25, its file time): ./mvnw -q -o test -Dtest=TraceReproductionFilesTests -Drag.reproduction.reference=<1615 export> -Drag.reproduction.run=<1777 export> -Drag.reproduction.out=reproduction-1777.txt (no exempt property: 1615 records the properties 1777 records) -> exit 0, surefire tests=1 failures=0 errors=0, "questions reference=42 run=42 traces=42", "problems=0" (observed). A first attempt a minute earlier (after the 16:33:16 stop) ended in a test error before any comparison (TraceReproductionCheck.text could not read the list property storeVersions of a reference; earlier references predate it); the test-scope fix writes a reference list as text and TraceReproductionCheckTests gains one test (9 tests, 0 failures, observed). Python over the two exports: questions differing in (id, rank, matchedChunkId): none found of 42; hit_at_5 0.761905 / 0.761905, mrr 0.631378 / 0.631378 (derived). A / 40 / off reproduces 1615, so the runs continue.
Run a-pool-100-rerank-off (rerank=false)
  16:34:51 start: env SERVER_PORT=8081 INTEGRATION_ACCESS_TOKEN=<not recorded> RAG_CROSS_ENCODER_ENABLED=true RAG_RETRIEVAL_CANDIDATE_COUNT=100 RAG_RETRIEVAL_KEYWORD_CANDIDATE_COUNT=100 ./mvnw -q -o spring-boot:run > app-a-pool-100-rerank-off-163451.log (observed: this command line; overrides given: RAG_RETRIEVAL_CANDIDATE_COUNT=100 RAG_RETRIEVAL_KEYWORD_CANDIDATE_COUNT=100)
  16:34:56 Started StockRecommendationEngineApplication in 3.21 seconds; Cross-encoder loaded: model=/Users/jayzhou/Documents/GitHub/java-projects-chunk-size/StockRecommendationEngine/models/cross-encoder-ms-marco-MiniLM-L-6-v2/model.onnx, maxLength=512, batchSize=20, scor
  16:34:58 warm-up POST /api/rag/retrieve (NVDA, rerank false): HTTP and seconds 200 1.389396; 
  16:34:58 POST /api/rag/evaluate?rerank=false&trace=true, loadavg before { 2.25 2.39 3.59 } after { 2.82 2.51 3.60 }; HTTP, seconds, bytes: 200 20.700008 766605 -> snapshot 1778
  Retrieval evaluation stored: id=1778, hitAt1=0.547619, hitAt3=0.714286, hitAt5=0.761905, mrr=0.650425, misses=6, rerankedQuestions=0, rerankFallbackQuestions=0
  16:35:19 GET /api/rag/evaluate/1778: HTTP and bytes 200 766605; GET .../evidence: HTTP and bytes 200 587208; compact evidence-1778.pretty.json -> evidence-1778.json bytes 587208 -> 410054 parses_equal_numbers_as_written=True; row export snapshot-1778-a-pool-100-rerank-off.json 501557 bytes (select row_to_json(r) from retrieval_evaluations r where id=1778); GET equals POST response: True; GET questions (id, rank, matchedChunkId) equal the row export: True; properties equal: True
  properties: candidateCount 100, keywordCandidateCount 100, rerank False, rerankCandidates 20, rerankedQuestions 0, rerankFallbackQuestions 0, chunkMaxChars 4000, chunkOverlapChars 500, storeVersions ['sections-v2-context-v2-chunk4000-500']
  window lines=476 retrievalCompleted=42 rerankingCompleted=0 queryEmbeddings=42 rerankFailed=0 -> app-log-1778.txt
  latency src/main/java/documentation/live-runs/2026-09-17-chunk-size-pool/latency-1778.json questions 42 retrievalMs {'count': 42, 'median': 441.5, 'p95': 877, 'max': 1068, 'min': 376, 'sum': 20573} rerankMs None fallbacks 0
  app log: 1 Evaluating retrieval, 43 Query embedding completed, 0 Reranking failed, 0 WARN or ERROR lines
  16:35:22 stopped; listeners on 8081: 0; processes: 0
Run a-pool-200-rerank-off (rerank=false)
  16:35:22 start: env SERVER_PORT=8081 INTEGRATION_ACCESS_TOKEN=<not recorded> RAG_CROSS_ENCODER_ENABLED=true RAG_RETRIEVAL_CANDIDATE_COUNT=200 RAG_RETRIEVAL_KEYWORD_CANDIDATE_COUNT=200 ./mvnw -q -o spring-boot:run > app-a-pool-200-rerank-off-163522.log (observed: this command line; overrides given: RAG_RETRIEVAL_CANDIDATE_COUNT=200 RAG_RETRIEVAL_KEYWORD_CANDIDATE_COUNT=200)
  16:35:27 Started StockRecommendationEngineApplication in 3.107 seconds; Cross-encoder loaded: model=/Users/jayzhou/Documents/GitHub/java-projects-chunk-size/StockRecommendationEngine/models/cross-encoder-ms-marco-MiniLM-L-6-v2/model.onnx, maxLength=512, batchSize=20, scor
  16:35:28 warm-up POST /api/rag/retrieve (NVDA, rerank false): HTTP and seconds 200 0.996710; 
  16:35:28 POST /api/rag/evaluate?rerank=false&trace=true, loadavg before { 2.70 2.50 3.58 } after { 2.64 2.49 3.56 }; HTTP, seconds, bytes: 200 19.601192 1059009 -> snapshot 1779
  Retrieval evaluation stored: id=1779, hitAt1=0.547619, hitAt3=0.714286, hitAt5=0.761905, mrr=0.650425, misses=6, rerankedQuestions=0, rerankFallbackQuestions=0
  16:35:48 GET /api/rag/evaluate/1779: HTTP and bytes 200 1059009; GET .../evidence: HTTP and bytes 200 605357; compact evidence-1779.pretty.json -> evidence-1779.json bytes 605357 -> 421057 parses_equal_numbers_as_written=True; row export snapshot-1779-a-pool-200-rerank-off.json 693483 bytes (select row_to_json(r) from retrieval_evaluations r where id=1779); GET equals POST response: True; GET questions (id, rank, matchedChunkId) equal the row export: True; properties equal: True
  properties: candidateCount 200, keywordCandidateCount 200, rerank False, rerankCandidates 20, rerankedQuestions 0, rerankFallbackQuestions 0, chunkMaxChars 4000, chunkOverlapChars 500, storeVersions ['sections-v2-context-v2-chunk4000-500']
  window lines=476 retrievalCompleted=42 rerankingCompleted=0 queryEmbeddings=42 rerankFailed=0 -> app-log-1779.txt
  latency src/main/java/documentation/live-runs/2026-09-17-chunk-size-pool/latency-1779.json questions 42 retrievalMs {'count': 42, 'median': 474.5, 'p95': 575, 'max': 815, 'min': 323, 'sum': 19437} rerankMs None fallbacks 0
  app log: 1 Evaluating retrieval, 43 Query embedding completed, 0 Reranking failed, 0 WARN or ERROR lines
  16:35:52 stopped; listeners on 8081: 0; processes: 0
Run a-pool-250-rerank-off (rerank=false)
  16:35:52 start: env SERVER_PORT=8081 INTEGRATION_ACCESS_TOKEN=<not recorded> RAG_CROSS_ENCODER_ENABLED=true RAG_RETRIEVAL_CANDIDATE_COUNT=250 RAG_RETRIEVAL_KEYWORD_CANDIDATE_COUNT=250 ./mvnw -q -o spring-boot:run > app-a-pool-250-rerank-off-163552.log (observed: this command line; overrides given: RAG_RETRIEVAL_CANDIDATE_COUNT=250 RAG_RETRIEVAL_KEYWORD_CANDIDATE_COUNT=250)
  16:35:57 Started StockRecommendationEngineApplication in 3.027 seconds; Cross-encoder loaded: model=/Users/jayzhou/Documents/GitHub/java-projects-chunk-size/StockRecommendationEngine/models/cross-encoder-ms-marco-MiniLM-L-6-v2/model.onnx, maxLength=512, batchSize=20, scor
  16:35:58 warm-up POST /api/rag/retrieve (NVDA, rerank false): HTTP and seconds 200 1.299540; 
  16:35:58 POST /api/rag/evaluate?rerank=false&trace=true, loadavg before { 2.39 2.45 3.53 } after { 2.29 2.42 3.49 }; HTTP, seconds, bytes: 200 19.835890 1148848 -> snapshot 1780
  Retrieval evaluation stored: id=1780, hitAt1=0.547619, hitAt3=0.714286, hitAt5=0.761905, mrr=0.650425, misses=6, rerankedQuestions=0, rerankFallbackQuestions=0
  16:36:18 GET /api/rag/evaluate/1780: HTTP and bytes 200 1148848; GET .../evidence: HTTP and bytes 200 608996; compact evidence-1780.pretty.json -> evidence-1780.json bytes 608996 -> 423290 parses_equal_numbers_as_written=True; row export snapshot-1780-a-pool-250-rerank-off.json 752623 bytes (select row_to_json(r) from retrieval_evaluations r where id=1780); GET equals POST response: True; GET questions (id, rank, matchedChunkId) equal the row export: True; properties equal: True
  properties: candidateCount 250, keywordCandidateCount 250, rerank False, rerankCandidates 20, rerankedQuestions 0, rerankFallbackQuestions 0, chunkMaxChars 4000, chunkOverlapChars 500, storeVersions ['sections-v2-context-v2-chunk4000-500']
  window lines=476 retrievalCompleted=42 rerankingCompleted=0 queryEmbeddings=42 rerankFailed=0 -> app-log-1780.txt
  latency src/main/java/documentation/live-runs/2026-09-17-chunk-size-pool/latency-1780.json questions 42 retrievalMs {'count': 42, 'median': 490, 'p95': 547, 'max': 847, 'min': 332, 'sum': 19674} rerankMs None fallbacks 0
  app log: 1 Evaluating retrieval, 43 Query embedding completed, 0 Reranking failed, 0 WARN or ERROR lines
  16:36:22 stopped; listeners on 8081: 0; processes: 0
Run a-pool-40-rerank-on-40 (rerank=true)
  16:36:22 start: env SERVER_PORT=8081 INTEGRATION_ACCESS_TOKEN=<not recorded> RAG_CROSS_ENCODER_ENABLED=true RAG_RETRIEVAL_CANDIDATE_COUNT=40 RAG_RETRIEVAL_KEYWORD_CANDIDATE_COUNT=40 RAG_RETRIEVAL_RERANK_CANDIDATES=40 RAG_RETRIEVAL_RERANK_TIMEOUT_MS=4000 ./mvnw -q -o spring-boot:run > app-a-pool-40-rerank-on-40-163622.log (observed: this command line; overrides given: RAG_RETRIEVAL_CANDIDATE_COUNT=40 RAG_RETRIEVAL_KEYWORD_CANDIDATE_COUNT=40 RAG_RETRIEVAL_RERANK_CANDIDATES=40 RAG_RETRIEVAL_RERANK_TIMEOUT_MS=4000)
  16:36:29 Started StockRecommendationEngineApplication in 3.171 seconds; Cross-encoder loaded: model=/Users/jayzhou/Documents/GitHub/java-projects-chunk-size/StockRecommendationEngine/models/cross-encoder-ms-marco-MiniLM-L-6-v2/model.onnx, maxLength=512, batchSize=20, scor
  16:36:32 warm-up POST /api/rag/retrieve (NVDA, rerank true): HTTP and seconds 200 3.079458; Reranking filing candidates: ticker=NVDA, candidates=40, timeoutMs=4000
  16:36:32 POST /api/rag/evaluate?rerank=true&trace=true, loadavg before { 2.41 2.43 3.48 } after { 4.61 3.17 3.65 }; HTTP, seconds, bytes: 200 96.498823 754802 -> snapshot 1781
  Retrieval evaluation stored: id=1781, hitAt1=0.500000, hitAt3=0.761905, hitAt5=0.785714, mrr=0.632804, misses=7, rerankedQuestions=42, rerankFallbackQuestions=0
  16:38:09 GET /api/rag/evaluate/1781: HTTP and bytes 200 754802; GET .../evidence: HTTP and bytes 200 568577; compact evidence-1781.pretty.json -> evidence-1781.json bytes 568577 -> 404970 parses_equal_numbers_as_written=True; row export snapshot-1781-a-pool-40-rerank-on-40.json 493685 bytes (select row_to_json(r) from retrieval_evaluations r where id=1781); GET equals POST response: True; GET questions (id, rank, matchedChunkId) equal the row export: True; properties equal: True
  properties: candidateCount 40, keywordCandidateCount 40, rerank True, rerankCandidates 40, rerankedQuestions 42, rerankFallbackQuestions 0, chunkMaxChars 4000, chunkOverlapChars 500, storeVersions ['sections-v2-context-v2-chunk4000-500']
  window lines=560 retrievalCompleted=42 rerankingCompleted=42 queryEmbeddings=42 rerankFailed=0 -> app-log-1781.txt
  latency src/main/java/documentation/live-runs/2026-09-17-chunk-size-pool/latency-1781.json questions 42 retrievalMs {'count': 42, 'median': 2368.5, 'p95': 2524, 'max': 2533, 'min': 1913, 'sum': 96351} rerankMs {'count': 42, 'median': 1999.5, 'p95': 2173, 'max': 2179, 'min': 1601, 'sum': 82111} fallbacks 0
  app log: 1 Evaluating retrieval, 43 Query embedding completed, 0 Reranking failed, 0 WARN or ERROR lines
  16:38:12 stopped; listeners on 8081: 0; processes: 0
Run a-pool-100-rerank-on-40 (rerank=true)
  16:38:12 start: env SERVER_PORT=8081 INTEGRATION_ACCESS_TOKEN=<not recorded> RAG_CROSS_ENCODER_ENABLED=true RAG_RETRIEVAL_CANDIDATE_COUNT=100 RAG_RETRIEVAL_KEYWORD_CANDIDATE_COUNT=100 RAG_RETRIEVAL_RERANK_CANDIDATES=40 RAG_RETRIEVAL_RERANK_TIMEOUT_MS=4000 ./mvnw -q -o spring-boot:run > app-a-pool-100-rerank-on-40-163812.log (observed: this command line; overrides given: RAG_RETRIEVAL_CANDIDATE_COUNT=100 RAG_RETRIEVAL_KEYWORD_CANDIDATE_COUNT=100 RAG_RETRIEVAL_RERANK_CANDIDATES=40 RAG_RETRIEVAL_RERANK_TIMEOUT_MS=4000)
  16:38:20 Started StockRecommendationEngineApplication in 3.833 seconds; Cross-encoder loaded: model=/Users/jayzhou/Documents/GitHub/java-projects-chunk-size/StockRecommendationEngine/models/cross-encoder-ms-marco-MiniLM-L-6-v2/model.onnx, maxLength=512, batchSize=20, scor
  16:38:24 warm-up POST /api/rag/retrieve (NVDA, rerank true): HTTP and seconds 200 3.536727; Reranking filing candidates: ticker=NVDA, candidates=40, timeoutMs=4000
  16:38:24 POST /api/rag/evaluate?rerank=true&trace=true, loadavg before { 4.36 3.18 3.65 } after { 6.27 4.07 3.93 }; HTTP, seconds, bytes: 200 99.477215 1141376 -> snapshot 1782
  Retrieval evaluation stored: id=1782, hitAt1=0.500000, hitAt3=0.761905, hitAt5=0.809524, mrr=0.636111, misses=7, rerankedQuestions=42, rerankFallbackQuestions=0
  16:40:04 GET /api/rag/evaluate/1782: HTTP and bytes 200 1141376; GET .../evidence: HTTP and bytes 200 550419; compact evidence-1782.pretty.json -> evidence-1782.json bytes 550419 -> 393657 parses_equal_numbers_as_written=True; row export snapshot-1782-a-pool-100-rerank-on-40.json 745132 bytes (select row_to_json(r) from retrieval_evaluations r where id=1782); GET equals POST response: True; GET questions (id, rank, matchedChunkId) equal the row export: True; properties equal: True
  properties: candidateCount 100, keywordCandidateCount 100, rerank True, rerankCandidates 40, rerankedQuestions 42, rerankFallbackQuestions 0, chunkMaxChars 4000, chunkOverlapChars 500, storeVersions ['sections-v2-context-v2-chunk4000-500']
  window lines=560 retrievalCompleted=42 rerankingCompleted=42 queryEmbeddings=42 rerankFailed=0 -> app-log-1782.txt
  latency src/main/java/documentation/live-runs/2026-09-17-chunk-size-pool/latency-1782.json questions 42 retrievalMs {'count': 42, 'median': 2382.5, 'p95': 2585, 'max': 2613, 'min': 2022, 'sum': 99320} rerankMs {'count': 42, 'median': 1994, 'p95': 2195, 'max': 2206, 'min': 1664, 'sum': 82560} fallbacks 0
  app log: 1 Evaluating retrieval, 43 Query embedding completed, 0 Reranking failed, 0 WARN or ERROR lines
  16:40:07 stopped; listeners on 8081: 0; processes: 0
Run a-pool-200-rerank-on-40 (rerank=true)
  16:40:07 start: env SERVER_PORT=8081 INTEGRATION_ACCESS_TOKEN=<not recorded> RAG_CROSS_ENCODER_ENABLED=true RAG_RETRIEVAL_CANDIDATE_COUNT=200 RAG_RETRIEVAL_KEYWORD_CANDIDATE_COUNT=200 RAG_RETRIEVAL_RERANK_CANDIDATES=40 RAG_RETRIEVAL_RERANK_TIMEOUT_MS=4000 ./mvnw -q -o spring-boot:run > app-a-pool-200-rerank-on-40-164007.log (observed: this command line; overrides given: RAG_RETRIEVAL_CANDIDATE_COUNT=200 RAG_RETRIEVAL_KEYWORD_CANDIDATE_COUNT=200 RAG_RETRIEVAL_RERANK_CANDIDATES=40 RAG_RETRIEVAL_RERANK_TIMEOUT_MS=4000)
  16:40:12 Started StockRecommendationEngineApplication in 3.253 seconds; Cross-encoder loaded: model=/Users/jayzhou/Documents/GitHub/java-projects-chunk-size/StockRecommendationEngine/models/cross-encoder-ms-marco-MiniLM-L-6-v2/model.onnx, maxLength=512, batchSize=20, scor
  16:40:16 warm-up POST /api/rag/retrieve (NVDA, rerank true): HTTP and seconds 200 3.320129; Reranking filing candidates: ticker=NVDA, candidates=40, timeoutMs=4000
  16:40:16 POST /api/rag/evaluate?rerank=true&trace=true, loadavg before { 5.83 4.05 3.92 } after { 5.43 4.49 4.11 }; HTTP, seconds, bytes: 200 101.462743 1433780 -> snapshot 1783
  Retrieval evaluation stored: id=1783, hitAt1=0.500000, hitAt3=0.761905, hitAt5=0.809524, mrr=0.636111, misses=7, rerankedQuestions=42, rerankFallbackQuestions=0
  16:41:58 GET /api/rag/evaluate/1783: HTTP and bytes 200 1433780; GET .../evidence: HTTP and bytes 200 563616; compact evidence-1783.pretty.json -> evidence-1783.json bytes 563616 -> 401748 parses_equal_numbers_as_written=True; row export snapshot-1783-a-pool-200-rerank-on-40.json 937059 bytes (select row_to_json(r) from retrieval_evaluations r where id=1783); GET equals POST response: True; GET questions (id, rank, matchedChunkId) equal the row export: True; properties equal: True
  properties: candidateCount 200, keywordCandidateCount 200, rerank True, rerankCandidates 40, rerankedQuestions 42, rerankFallbackQuestions 0, chunkMaxChars 4000, chunkOverlapChars 500, storeVersions ['sections-v2-context-v2-chunk4000-500']
  window lines=560 retrievalCompleted=42 rerankingCompleted=42 queryEmbeddings=42 rerankFailed=0 -> app-log-1783.txt
  latency src/main/java/documentation/live-runs/2026-09-17-chunk-size-pool/latency-1783.json questions 42 retrievalMs {'count': 42, 'median': 2405.5, 'p95': 2657, 'max': 2714, 'min': 2128, 'sum': 101268} rerankMs {'count': 42, 'median': 1981.5, 'p95': 2185, 'max': 2190, 'min': 1662, 'sum': 82335} fallbacks 0
  app log: 1 Evaluating retrieval, 43 Query embedding completed, 0 Reranking failed, 0 WARN or ERROR lines
  16:42:01 stopped; listeners on 8081: 0; processes: 0
Run a-pool-250-rerank-on-40 (rerank=true)
  16:42:01 start: env SERVER_PORT=8081 INTEGRATION_ACCESS_TOKEN=<not recorded> RAG_CROSS_ENCODER_ENABLED=true RAG_RETRIEVAL_CANDIDATE_COUNT=250 RAG_RETRIEVAL_KEYWORD_CANDIDATE_COUNT=250 RAG_RETRIEVAL_RERANK_CANDIDATES=40 RAG_RETRIEVAL_RERANK_TIMEOUT_MS=4000 ./mvnw -q -o spring-boot:run > app-a-pool-250-rerank-on-40-164201.log (observed: this command line; overrides given: RAG_RETRIEVAL_CANDIDATE_COUNT=250 RAG_RETRIEVAL_KEYWORD_CANDIDATE_COUNT=250 RAG_RETRIEVAL_RERANK_CANDIDATES=40 RAG_RETRIEVAL_RERANK_TIMEOUT_MS=4000)
  16:42:06 Started StockRecommendationEngineApplication in 3.196 seconds; Cross-encoder loaded: model=/Users/jayzhou/Documents/GitHub/java-projects-chunk-size/StockRecommendationEngine/models/cross-encoder-ms-marco-MiniLM-L-6-v2/model.onnx, maxLength=512, batchSize=20, scor
  16:42:09 warm-up POST /api/rag/retrieve (NVDA, rerank true): HTTP and seconds 200 3.359981; Reranking filing candidates: ticker=NVDA, candidates=40, timeoutMs=4000
  16:42:09 POST /api/rag/evaluate?rerank=true&trace=true, loadavg before { 5.23 4.50 4.12 } after { 5.77 4.83 4.28 }; HTTP, seconds, bytes: 200 102.557744 1523612 -> snapshot 1784
  Retrieval evaluation stored: id=1784, hitAt1=0.500000, hitAt3=0.761905, hitAt5=0.809524, mrr=0.636111, misses=7, rerankedQuestions=42, rerankFallbackQuestions=0
  16:43:52 GET /api/rag/evaluate/1784: HTTP and bytes 200 1523612; GET .../evidence: HTTP and bytes 200 567255; compact evidence-1784.pretty.json -> evidence-1784.json bytes 567255 -> 403981 parses_equal_numbers_as_written=True; row export snapshot-1784-a-pool-250-rerank-on-40.json 996192 bytes (select row_to_json(r) from retrieval_evaluations r where id=1784); GET equals POST response: True; GET questions (id, rank, matchedChunkId) equal the row export: True; properties equal: True
  properties: candidateCount 250, keywordCandidateCount 250, rerank True, rerankCandidates 40, rerankedQuestions 42, rerankFallbackQuestions 0, chunkMaxChars 4000, chunkOverlapChars 500, storeVersions ['sections-v2-context-v2-chunk4000-500']
  window lines=560 retrievalCompleted=42 rerankingCompleted=42 queryEmbeddings=42 rerankFailed=0 -> app-log-1784.txt
  latency src/main/java/documentation/live-runs/2026-09-17-chunk-size-pool/latency-1784.json questions 42 retrievalMs {'count': 42, 'median': 2425, 'p95': 2670, 'max': 2680, 'min': 2169, 'sum': 102362} rerankMs {'count': 42, 'median': 1988, 'p95': 2178, 'max': 2191, 'min': 1636, 'sum': 82372} fallbacks 0
  app log: 1 Evaluating retrieval, 43 Query embedding completed, 0 Reranking failed, 0 WARN or ERROR lines
  16:43:56 stopped; listeners on 8081: 0; processes: 0
Run a-latency-reference-pool-40-rerank-on-20 (rerank=true)
  16:43:56 start: env SERVER_PORT=8081 INTEGRATION_ACCESS_TOKEN=<not recorded> RAG_CROSS_ENCODER_ENABLED=true  ./mvnw -q -o spring-boot:run > app-a-latency-reference-pool-40-rerank-on-20-164356.log (observed: this command line; overrides given: none, the application.yaml defaults apply)
  16:44:01 Started StockRecommendationEngineApplication in 3.752 seconds; Cross-encoder loaded: model=/Users/jayzhou/Documents/GitHub/java-projects-chunk-size/StockRecommendationEngine/models/cross-encoder-ms-marco-MiniLM-L-6-v2/model.onnx, maxLength=512, batchSize=20, scor
  16:44:03 warm-up POST /api/rag/retrieve (NVDA, rerank true): HTTP and seconds 200 2.147994; Reranking filing candidates: ticker=NVDA, candidates=20, timeoutMs=2000
  16:44:03 POST /api/rag/evaluate?rerank=true&trace=true, loadavg before { 5.31 4.77 4.27 } after { 5.47 4.90 4.35 }; HTTP, seconds, bytes: 200 55.872599 568327 -> snapshot 1785
  Retrieval evaluation stored: id=1785, hitAt1=0.476190, hitAt3=0.738095, hitAt5=0.761905, mrr=0.609325, misses=8, rerankedQuestions=42, rerankFallbackQuestions=0
  16:44:59 GET /api/rag/evaluate/1785: HTTP and bytes 200 568327; GET .../evidence: HTTP and bytes 200 522173; compact evidence-1785.pretty.json -> evidence-1785.json bytes 522173 -> 376382 parses_equal_numbers_as_written=True; row export snapshot-1785-a-latency-reference-pool-40-rerank-on-20.json 372581 bytes (select row_to_json(r) from retrieval_evaluations r where id=1785); GET equals POST response: True; GET questions (id, rank, matchedChunkId) equal the row export: True; properties equal: True
  properties: candidateCount 40, keywordCandidateCount 40, rerank True, rerankCandidates 20, rerankedQuestions 42, rerankFallbackQuestions 0, chunkMaxChars 4000, chunkOverlapChars 500, storeVersions ['sections-v2-context-v2-chunk4000-500']
  window lines=560 retrievalCompleted=42 rerankingCompleted=42 queryEmbeddings=42 rerankFailed=0 -> app-log-1785.txt
  latency src/main/java/documentation/live-runs/2026-09-17-chunk-size-pool/latency-1785.json questions 42 retrievalMs {'count': 42, 'median': 1349.5, 'p95': 1450, 'max': 1521, 'min': 1141, 'sum': 55739} rerankMs {'count': 42, 'median': 1039, 'p95': 1125, 'max': 1153, 'min': 835, 'sum': 41832} fallbacks 0
  app log: 1 Evaluating retrieval, 43 Query embedding completed, 0 Reranking failed, 0 WARN or ERROR lines
  16:45:03 stopped; listeners on 8081: 0; processes: 0
  A9. 16:45:31 store A's nine runs are done: snapshots 1777 to 1785, rerankFallbackQuestions 0 in each (observed: the stored lines above), so no run was repeated. analyse_pool.py was run on store A's files alone at this point to test the script; it printed store A's choice (pool 100 with reranking off and with reranking on) and the held-out metrics of the default reference and of those two chosen points before store B existed (observed; the choice rule is mechanical and reads the tuning columns only; held-out values of other grid points were not computed).
